Archive member included to satisfy reference by file (symbol)

C:/Users/Ian8t/devkitPro/devkitARM/bin/../lib/gcc/arm-none-eabi/16.1.0\libgcc.a(_udivsi3.o)
                              sprite.o (__aeabi_uidivmod)
C:/Users/Ian8t/devkitPro/devkitARM/bin/../lib/gcc/arm-none-eabi/16.1.0\libgcc.a(_divsi3.o)
                              soundPlayer.o (__aeabi_idiv)
C:/Users/Ian8t/devkitPro/devkitARM/bin/../lib/gcc/arm-none-eabi/16.1.0\libgcc.a(_dvmd_tls.o)
                              C:/Users/Ian8t/devkitPro/devkitARM/bin/../lib/gcc/arm-none-eabi/16.1.0\libgcc.a(_udivsi3.o) (__aeabi_idiv0)
C:/Users/Ian8t/devkitPro/devkitARM/bin/../lib/gcc/arm-none-eabi/16.1.0\libgcc.a(_sync_none.o)
                              (__sync_synchronize_none)
C:/Users/Ian8t/devkitPro/devkitARM/bin/../lib/gcc/arm-none-eabi/16.1.0/../../../../arm-none-eabi/lib\libg.a(libc_a-memcpy-stub.o)
                              conversation.o (memcpy)
C:/Users/Ian8t/devkitPro/devkitARM/bin/../lib/gcc/arm-none-eabi/16.1.0/../../../../arm-none-eabi/lib\libg.a(libc_a-memset.o)
                              main.o (memset)
C:/Users/Ian8t/devkitPro/devkitARM/bin/../lib/gcc/arm-none-eabi/16.1.0/../../../../arm-none-eabi/lib\libg.a(libc_a-init.o)
                              C:/Users/Ian8t/devkitPro/devkitARM/bin/../lib/gcc/arm-none-eabi/16.1.0/../../../../arm-none-eabi/lib/gba_crt0.o (__libc_init_array)
C:/Users/Ian8t/devkitPro/devkitARM/bin/../lib/gcc/arm-none-eabi/16.1.0/../../../../arm-none-eabi/lib\libg.a(libc_a-malloc.o)
                              conversation.o (malloc)
C:/Users/Ian8t/devkitPro/devkitARM/bin/../lib/gcc/arm-none-eabi/16.1.0/../../../../arm-none-eabi/lib\libg.a(libc_a-malignr.o)
                              C:/Users/Ian8t/devkitPro/devkitARM/bin/../lib/gcc/arm-none-eabi/16.1.0/../../../../arm-none-eabi/lib\libg.a(libc_a-malloc.o) (_memalign_r)
C:/Users/Ian8t/devkitPro/devkitARM/bin/../lib/gcc/arm-none-eabi/16.1.0/../../../../arm-none-eabi/lib\libg.a(libc_a-mallocr.o)
                              C:/Users/Ian8t/devkitPro/devkitARM/bin/../lib/gcc/arm-none-eabi/16.1.0/../../../../arm-none-eabi/lib\libg.a(libc_a-malloc.o) (_malloc_r)
C:/Users/Ian8t/devkitPro/devkitARM/bin/../lib/gcc/arm-none-eabi/16.1.0/../../../../arm-none-eabi/lib\libg.a(libc_a-freer.o)
                              C:/Users/Ian8t/devkitPro/devkitARM/bin/../lib/gcc/arm-none-eabi/16.1.0/../../../../arm-none-eabi/lib\libg.a(libc_a-malloc.o) (_free_r)
C:/Users/Ian8t/devkitPro/devkitARM/bin/../lib/gcc/arm-none-eabi/16.1.0/../../../../arm-none-eabi/lib\libg.a(libc_a-mlock.o)
                              C:/Users/Ian8t/devkitPro/devkitARM/bin/../lib/gcc/arm-none-eabi/16.1.0/../../../../arm-none-eabi/lib\libg.a(libc_a-malignr.o) (__malloc_lock)
C:/Users/Ian8t/devkitPro/devkitARM/bin/../lib/gcc/arm-none-eabi/16.1.0/../../../../arm-none-eabi/lib\libsysbase.a(libsysbase_libsysbase_a-getreent.o)
                              C:/Users/Ian8t/devkitPro/devkitARM/bin/../lib/gcc/arm-none-eabi/16.1.0/../../../../arm-none-eabi/lib\libg.a(libc_a-malloc.o) (__getreent)
C:/Users/Ian8t/devkitPro/devkitARM/bin/../lib/gcc/arm-none-eabi/16.1.0/../../../../arm-none-eabi/lib\libsysbase.a(libsysbase_libsysbase_a-malloc_vars.o)
                              C:/Users/Ian8t/devkitPro/devkitARM/bin/../lib/gcc/arm-none-eabi/16.1.0/../../../../arm-none-eabi/lib/gba_crt0.o (fake_heap_end)
C:/Users/Ian8t/devkitPro/devkitARM/bin/../lib/gcc/arm-none-eabi/16.1.0/../../../../arm-none-eabi/lib\libsysbase.a(libsysbase_libsysbase_a-sbrk.o)
                              C:/Users/Ian8t/devkitPro/devkitARM/bin/../lib/gcc/arm-none-eabi/16.1.0/../../../../arm-none-eabi/lib\libg.a(libc_a-mallocr.o) (_sbrk_r)
C:/Users/Ian8t/devkitPro/devkitARM/bin/../lib/gcc/arm-none-eabi/16.1.0/../../../../arm-none-eabi/lib\libsysbase.a(libsysbase_libsysbase_a-syscall_support.o)
                              C:/Users/Ian8t/devkitPro/devkitARM/bin/../lib/gcc/arm-none-eabi/16.1.0/../../../../arm-none-eabi/lib\libg.a(libc_a-mlock.o) (__libc_lock_acquire_recursive)
C:/Users/Ian8t/devkitPro/devkitARM/bin/../lib/gcc/arm-none-eabi/16.1.0/../../../../arm-none-eabi/lib\libsysbase.a(libsysbase_libsysbase_a-clocks.o)
                              C:/Users/Ian8t/devkitPro/devkitARM/bin/../lib/gcc/arm-none-eabi/16.1.0/../../../../arm-none-eabi/lib\libsysbase.a(libsysbase_libsysbase_a-syscall_support.o) (clock_gettime)
C:/Users/Ian8t/devkitPro/devkitARM/bin/../lib/gcc/arm-none-eabi/16.1.0/../../../../arm-none-eabi/lib\libg.a(libc_a-impure.o)
                              C:/Users/Ian8t/devkitPro/devkitARM/bin/../lib/gcc/arm-none-eabi/16.1.0/../../../../arm-none-eabi/lib\libsysbase.a(libsysbase_libsysbase_a-getreent.o) (_impure_ptr)
C:/Users/Ian8t/devkitPro/devkitARM/bin/../lib/gcc/arm-none-eabi/16.1.0/../../../../arm-none-eabi/lib\libg.a(libc_a-errno.o)
[...]
Memory Configuration

Name             Origin             Length             Attributes
rom              0x08000000         0x02000000
iwram            0x03000000         0x00008000
ewram            0x02000000         0x00040000
*default*        0x00000000         0xffffffff

Linker script and memory map

                0x00000000                        __sync_synchronize = __sync_synchronize_none
                0x08000000                        __text_start = ORIGIN (rom)
                0x02040000                        __eheap_end = (ORIGIN (ewram) + LENGTH (ewram))
                0x03000000                        __iwram_start = ORIGIN (iwram)
                0x03008000                        __iwram_top = (ORIGIN (iwram) + LENGTH (iwram))
                0x03007fa0                        __sp_irq = (__iwram_top - 0x60)
                0x03007f00                        __sp_usr = (__sp_irq - 0xa0)
                0x03007ff8                        __irq_flags = 0x3007ff8
                0x08000000                        . = __text_start

.crt0           0x08000000      0x210
 *(.crt0)
 .crt0          0x08000000      0x210 C:/Users/Ian8t/devkitPro/devkitARM/bin/../lib/gcc/arm-none-eabi/16.1.0/../../../../arm-none-eabi/lib/gba_crt0.o
                0x08000000                _start
                0x080000c4                __boot_method
                0x080000c5                __slave_number
                0x080000e0                start_vector
                0x08000210                        . = ALIGN (0x4)

.init           0x08000210       0x18
 *(SORT_NONE(.init))
 .init          0x08000210        0xc C:/Users/Ian8t/devkitPro/devkitARM/bin/../lib/gcc/arm-none-eabi/16.1.0/crti.o
                0x08000210                _init
 .init          0x0800021c        0xc C:/Users/Ian8t/devkitPro/devkitARM/bin/../lib/gcc/arm-none-eabi/16.1.0/crtn.o

.plt            0x08000228        0x0
 *(.plt)
                0x08000228                        . = ALIGN (0x4)

.text           0x08000228     0x416c
 *(EXCLUDE_FILE(*.iwram*) .text*)
 .text.__do_global_dtors_aux
                0x08000228       0x54 C:/Users/Ian8t/devkitPro/devkitARM/bin/../lib/gcc/arm-none-eabi/16.1.0/crtbegin.o
 .text.frame_dummy
                0x0800027c       0x30 C:/Users/Ian8t/devkitPro/devkitARM/bin/../lib/gcc/arm-none-eabi/16.1.0/crtbegin.o
 .text          0x080002ac      0x560 conversation.o
                0x080002ac                createConversation
                0x08000318                addMessageToConversation
                0x08000360                triggered
                0x080003d4                setConvVals
                0x08000444                runConversations
 .text.startup  0x0800080c      0x8f8 main.o
                0x0800080c                main
 .text          0x08001104      0x924 platformer.o
                0x08001104                print
                0x08001164                tileCollision
                0x080012ec                getGravityDir
                0x0800139c                adjustPlayerVelocityGrav
                0x080016d8                movePlayer
 .text          0x08001a28      0x20c soundPlayer.o
                0x08001a28                setUpInturupt
                0x08001a5c                enableSound
                0x08001ad4                setSampleRate
                0x08001b1c                playSound
                0x08001c1c                isPlaying
 .text          0x08001c34      0x184 sprite.o
                0x08001c34                spriteCreate
                0x08001cd8                spriteTick
 .text          0x08001db8      0xac4 textBox.o
                0x08001db8                fillLayer
                0x08001e3c                clearTextBox
                0x08001ef0                clearTextBoxText
                0x08001f80                createTextBox
                0x08002278                addTexBoxPicture
                0x08002320                wordLength
                0x080023a8                renderTextBoxText
                0x0800279c                clearScreen
                0x08002810                renderText
 .text          0x0800287c      0x53c toolbox.o
                0x0800287c                clamp
                0x080028b4                se_index
                0x080028d8                oamInit
                0x08002970                oamCopy
                0x080029ac                bmp16_line
                0x08002bc4                bmp16_rect
                0x08002c24                bmp16_frame
                0x08002cbc                m3_fill
                0x08002ce4                m4_fill
                0x08002d5c                vid_flip
                0x08002d84                vid_vsync
 .text          0x08002db8      0x1d0 dialouge.o
                0x08002db8                createAllConversations
 .text          0x08002f88      0x114 C:/Users/Ian8t/devkitPro/devkitARM/bin/../lib/gcc/arm-none-eabi/16.1.0\libgcc.a(_udivsi3.o)
                0x08002f88                __aeabi_uidiv
                0x08002f88                __udivsi3
                0x0800307c                __aeabi_uidivmod
 .text          0x0800309c      0x148 C:/Users/Ian8t/devkitPro/devkitARM/bin/../lib/gcc/arm-none-eabi/16.1.0\libgcc.a(_divsi3.o)
                0x0800309c                __divsi3
                0x0800309c                __aeabi_idiv
                0x080031c4                __aeabi_idivmod
 .text          0x080031e4        0x4 C:/Users/Ian8t/devkitPro/devkitARM/bin/../lib/gcc/arm-none-eabi/16.1.0\libgcc.a(_dvmd_tls.o)
                0x080031e4                __aeabi_idiv0
                0x080031e4                __aeabi_ldiv0
 .text.memcpy   0x080031e8      0x124 C:/Users/Ian8t/devkitPro/devkitARM/bin/../lib/gcc/arm-none-eabi/16.1.0/../../../../arm-none-eabi/lib\libg.a(libc_a-memcpy-stub.o)
                0x080031e8                memcpy
 .text.memset   0x0800330c       0xf4 C:/Users/Ian8t/devkitPro/devkitARM/bin/../lib/gcc/arm-none-eabi/16.1.0/../../../../arm-none-eabi/lib\libg.a(libc_a-memset.o)
                0x0800330c                memset
 .text.__libc_init_array
                0x08003400       0x90 C:/Users/Ian8t/devkitPro/devkitARM/bin/../lib/gcc/arm-none-eabi/16.1.0/../../../../arm-none-eabi/lib\libg.a(libc_a-init.o)
                0x08003400                __libc_init_array
 .text.malloc   0x08003490       0x48 C:/Users/Ian8t/devkitPro/devkitARM/bin/../lib/gcc/arm-none-eabi/16.1.0/../../../../arm-none-eabi/lib\libg.a(libc_a-malloc.o)
                0x08003490                malloc
 .text._memalign_r
                0x080034d8      0x188 C:/Users/Ian8t/devkitPro/devkitARM/bin/../lib/gcc/arm-none-eabi/16.1.0/../../../../arm-none-eabi/lib\libg.a(libc_a-malignr.o)
                0x080034d8                _memalign_r
 .text._malloc_r
                0x08003660      0x804 C:/Users/Ian8t/devkitPro/devkitARM/bin/../lib/gcc/arm-none-eabi/16.1.0/../../../../arm-none-eabi/lib\libg.a(libc_a-mallocr.o)
                0x08003660                _malloc_r
 .text._malloc_trim_r
                0x08003e64      0x11c C:/Users/Ian8t/devkitPro/devkitARM/bin/../lib/gcc/arm-none-eabi/16.1.0/../../../../arm-none-eabi/lib\libg.a(libc_a-freer.o)
                0x08003e64                _malloc_trim_r
 .text._free_r  0x08003f80      0x2fc C:/Users/Ian8t/devkitPro/devkitARM/bin/../lib/gcc/arm-none-eabi/16.1.0/../../../../arm-none-eabi/lib\libg.a(libc_a-freer.o)
                0x08003f80                _free_r
 .text.__malloc_lock
                0x0800427c       0x18 C:/Users/Ian8t/devkitPro/devkitARM/bin/../lib/gcc/arm-none-eabi/16.1.0/../../../../arm-none-eabi/lib\libg.a(libc_a-mlock.o)
                0x0800427c                __malloc_lock
 .text.__malloc_unlock
                0x08004294       0x18 C:/Users/Ian8t/devkitPro/devkitARM/bin/../lib/gcc/arm-none-eabi/16.1.0/../../../../arm-none-eabi/lib\libg.a(libc_a-mlock.o)
                0x08004294                __malloc_unlock
 .text.__getreent
                0x080042ac       0x30 C:/Users/Ian8t/devkitPro/devkitARM/bin/../lib/gcc/arm-none-eabi/16.1.0/../../../../arm-none-eabi/lib\libsysbase.a(libsysbase_libsysbase_a-getreent.o)
                0x080042ac                __getreent
 .text._sbrk_r  0x080042dc       0x78 C:/Users/Ian8t/devkitPro/devkitARM/bin/../lib/gcc/arm-none-eabi/16.1.0/../../../../arm-none-eabi/lib\libsysbase.a(libsysbase_libsysbase_a-sbrk.o)
                0x080042dc                _sbrk_r
 .text.__libc_lock_acquire_recursive
                0x08004354       0x20 C:/Users/Ian8t/devkitPro/devkitARM/bin/../lib/gcc/arm-none-eabi/16.1.0/../../../../arm-none-eabi/lib\libsysbase.a(libsysbase_libsysbase_a-syscall_support.o)
                0x08004354                __libc_lock_acquire_recursive
 .text.__libc_lock_release_recursive
                0x08004374       0x20 C:/Users/Ian8t/devkitPro/devkitARM/bin/../lib/gcc/arm-none-eabi/16.1.0/../../../../arm-none-eabi/lib\libsysbase.a(libsysbase_libsysbase_a-syscall_support.o)
                0x08004374                __libc_lock_release_recursive
 *(.gnu.linkonce.t.*)
 *(.text.*personality*)
 *(.gnu.warning)
 *(.glue_7t)
 .glue_7t       0x08004394        0x0 linker stubs
 *(.glue_7)
 .glue_7        0x08004394        0x0 linker stubs
 *(.vfp11_veneer)
 .vfp11_veneer  0x08004394        0x0 linker stubs
                0x08004394                        . = ALIGN (0x4)
                0x08004394                        __text_end = .

.v4_bx          0x08004394        0x0
 .v4_bx         0x08004394        0x0 linker stubs

.iplt           0x08004394        0x0
 .iplt          0x08004394        0x0 C:/Users/Ian8t/devkitPro/devkitARM/bin/../lib/gcc/arm-none-eabi/16.1.0/../../../../arm-none-eabi/lib/gba_crt0.o

.fini           0x08004394       0x18
 *(.fini)
 .fini          0x08004394        0xc C:/Users/Ian8t/devkitPro/devkitARM/bin/../lib/gcc/arm-none-eabi/16.1.0/crti.o
                0x08004394                _fini
 .fini          0x080043a0        0xc C:/Users/Ian8t/devkitPro/devkitARM/bin/../lib/gcc/arm-none-eabi/16.1.0/crtn.o
                0x080043ac                        . = ALIGN (0x4)

.rodata         0x080043ac    0x76610
 *(.rodata)
 .rodata        0x080043ac       0x21 textBox.o
 *fill*         0x080043cd        0x3 ff
 .rodata        0x080043d0    0x62962 MUSCSong_BlueSkies_abw.o
                0x080043d0                MUSCSong_BlueSkies
 *fill*         0x08066d32        0x2 ff
 .rodata        0x08066d34      0xd0f jump.o
                0x08066d34                SFX_jump
 *fill*         0x08067a43        0x1 ff
 .rodata        0x08067a44      0x9cc landing.o
                0x08067a44                SFX_landing
 .rodata        0x08068410       0x16 typing.o
                0x08068410                SFX_typing
 *fill*         0x08068426        0x2 ff
 .rodata        0x08068428     0x4020 cloakGuySheet.o
                0x08068428                GFX_cloakGuySheet
                0x0806c428                GFX_cloakGuySheet_palette
 .rodata        0x0806c448      0x980 headshots.o
                0x0806c448                GFX_headshots
                0x0806cda8                GFX_headshots_palette
 .rodata        0x0806cdc8      0x1c0 badTiles.o
                0x0806cdc8                TIL_badTiles
                0x0806cf68                TIL_badTiles_palette
 .rodata        0x0806cf88     0x1020 font.o
                0x0806cf88                TIL_font
                0x0806df88                TIL_font_palette
 .rodata        0x0806dfa8     0xc800 map64x200.o
                0x0806dfa8                MAP_64x200
 *all.rodata*(*)
 *(.roda)
 *(.rodata.*)
 .rodata.str1.4
                0x0807a7a8      0x214 main.o
                                 0x9d (size before relaxing)
 .rodata.str1.4
                0x0807a9bc        0x0 dialouge.o
                                0x174 (size before relaxing)
 *(.gnu.linkonce.r*)
                0x0807a9bc                        . = ALIGN (0x4)

.ARM.extab
 *(.ARM.extab* .gnu.linkonce.armextab.*)
                0x0807a9bc                        __exidx_start = .

.ARM.exidx
 *(.ARM.exidx* .gnu.linkonce.armexidx.*)
                0x0807a9bc                        __exidx_end = .

.ctors          0x0807a9bc        0x0
 *crtbegin.o(.ctors)
 *(EXCLUDE_FILE(*crtend.o) .ctors)
 *(SORT_BY_NAME(.ctors.*))
 *(.ctors)
                0x0807a9bc                        . = ALIGN (0x4)

.dtors          0x0807a9bc        0x0
 *crtbegin.o(.dtors)
 *(EXCLUDE_FILE(*crtend.o) .dtors)
 *(SORT_BY_NAME(.dtors.*))
 *(.dtors)
                0x0807a9bc                        . = ALIGN (0x4)

.eh_frame       0x0807a9bc        0x4
 *(.eh_frame)
 .eh_frame      0x0807a9bc        0x0 C:/Users/Ian8t/devkitPro/devkitARM/bin/../lib/gcc/arm-none-eabi/16.1.0/crtbegin.o
 .eh_frame      0x0807a9bc        0x4 C:/Users/Ian8t/devkitPro/devkitARM/bin/../lib/gcc/arm-none-eabi/16.1.0/crtend.o
                0x0807a9c0                        . = ALIGN (0x4)

.gcc_except_table
                0x0807a9c0        0x0
 *(.gcc_except_table)
                0x0807a9c0                        . = ALIGN (0x4)
                0x0807a9c0                        __iwram_lma = .

.iwram          0x03000000      0x10c load address 0x0807a9c0
                0x03000000                        __iwram_start__ = ABSOLUTE (.)
 *(.iwram .iwram*)
 .iwram         0x03000000      0x10c soundPlayer.o
                0x03000000                timerInturupt
 *iwram.*(.text* .data*)
                0x0300010c                        . = ALIGN (0x4)
                0x0300010c                        __iwram_end__ = ABSOLUTE (.)
                0x0807aacc                        __data_lma = (__iwram_lma + SIZEOF (.iwram))

.bss            0x0300010c     0x1074
                0x0300010c                        __bss_start = ABSOLUTE (.)
                0x0300010c                        __bss_start__ = ABSOLUTE (.)
 *(.dynbss)
 *(.gnu.linkonce.b*)
 *(.bss*)
 .bss.completed.1
                0x0300010c        0x1 C:/Users/Ian8t/devkitPro/devkitARM/bin/../lib/gcc/arm-none-eabi/16.1.0/crtbegin.o
 *fill*         0x0300010d        0x3 
 .bss.object.0  0x03000110       0x18 C:/Users/Ian8t/devkitPro/devkitARM/bin/../lib/gcc/arm-none-eabi/16.1.0/crtbegin.o
 .bss           0x03000128      0xa64 conversation.o
                0x03000128                __all_convs
                0x03000a88                __conv_vars
                0x03000b88                __message_displayed
 .bss           0x03000b8c        0x8 main.o
                0x03000b8c                __screen_x
                0x03000b90                __screen_y
 .bss           0x03000b94       0x34 textBox.o
                0x03000b94                __text_boX
                0x03000b98                __text_boY
                0x03000b9c                __text_boW
                0x03000ba0                __text_boH
                0x03000ba4                __text_areX
                0x03000ba8                __text_areY
                0x03000bac                __text_areW
                0x03000bb0                __text_areH
                0x03000bb4                __cursor
                0x03000bb8                __screX
                0x03000bbc                __screY
                0x03000bc0                __text
                0x03000bc4                __player_name_i
 .bss           0x03000bc8      0x404 toolbox.o
                0x03000bc8                __key_curr
                0x03000bca                __key_prev
                0x03000bcc                obj_buffer
 .bss.__malloc_current_mallinfo
                0x03000fcc       0x28 C:/Users/Ian8t/devkitPro/devkitARM/bin/../lib/gcc/arm-none-eabi/16.1.0/../../../../arm-none-eabi/lib\libg.a(libc_a-mallocr.o)
                0x03000fcc                __malloc_current_mallinfo
 .bss.__malloc_max_total_mem
                0x03000ff4        0x4 C:/Users/Ian8t/devkitPro/devkitARM/bin/../lib/gcc/arm-none-eabi/16.1.0/../../../../arm-none-eabi/lib\libg.a(libc_a-mallocr.o)
                0x03000ff4                __malloc_max_total_mem
 .bss.__malloc_max_sbrked_mem
                0x03000ff8        0x4 C:/Users/Ian8t/devkitPro/devkitARM/bin/../lib/gcc/arm-none-eabi/16.1.0/../../../../arm-none-eabi/lib\libg.a(libc_a-mallocr.o)
                0x03000ff8                __malloc_max_sbrked_mem
 .bss.__malloc_top_pad
                0x03000ffc        0x4 C:/Users/Ian8t/devkitPro/devkitARM/bin/../lib/gcc/arm-none-eabi/16.1.0/../../../../arm-none-eabi/lib\libg.a(libc_a-mallocr.o)
                0x03000ffc                __malloc_top_pad
 .bss.__malloc_recursive_mutex
                0x03001000        0xc C:/Users/Ian8t/devkitPro/devkitARM/bin/../lib/gcc/arm-none-eabi/16.1.0/../../../../arm-none-eabi/lib\libg.a(libc_a-mlock.o)
 .bss.fake_heap_start
                0x0300100c        0x4 C:/Users/Ian8t/devkitPro/devkitARM/bin/../lib/gcc/arm-none-eabi/16.1.0/../../../../arm-none-eabi/lib\libsysbase.a(libsysbase_libsysbase_a-malloc_vars.o)
                0x0300100c                fake_heap_start
 .bss.fake_heap_end
                0x03001010        0x4 C:/Users/Ian8t/devkitPro/devkitARM/bin/../lib/gcc/arm-none-eabi/16.1.0/../../../../arm-none-eabi/lib\libsysbase.a(libsysbase_libsysbase_a-malloc_vars.o)
                0x03001010                fake_heap_end
 .bss.heap_start.0
                0x03001014        0x4 C:/Users/Ian8t/devkitPro/devkitARM/bin/../lib/gcc/arm-none-eabi/16.1.0/../../../../arm-none-eabi/lib\libsysbase.a(libsysbase_libsysbase_a-sbrk.o)
 .bss.__sf      0x03001018      0x168 C:/Users/Ian8t/devkitPro/devkitARM/bin/../lib/gcc/arm-none-eabi/16.1.0/../../../../arm-none-eabi/lib\libg.a(libc_a-findfp.o)
                0x03001018                __sf
 *(COMMON)
                0x03001180                        . = ALIGN (0x4)
                0x03001180                        __bss_end__ = ABSOLUTE (.)

.data           0x03001180      0x6e0 load address 0x0807aacc
                0x03001180                        __data_start__ = ABSOLUTE (.)
 *(.data*)
 .data          0x03001180        0x4 conversation.o
                0x03001180                __running_conv
 .data          0x03001184       0x28 soundPlayer.o
                0x03001184                __sounds_remain
                0x0300118c                __sounds_dma_ctrl
                0x03001194                __sounds_dma_sorc
                0x0300119c                __sounds_dma_dest
                0x030011a4                __sounds_fifo
 .data          0x030011ac       0x17 textBox.o
                0x030011ac                __font_pal
                0x030011b0                __se_index
                0x030011b4                __player_name_len
                0x030011b8                __player_name
 *fill*         0x030011c3        0x1 ff
 .data          0x030011c4        0x8 toolbox.o
                0x030011c4                vid_page
                0x030011c8                obj_aff_buffer
 .data          0x030011cc       0x78 cloakGuySheet.o
                0x030011cc                ANI_cloakGuySheet
                0x030011dc                ANI_cloakGuySheet_ani
                0x030011ec                ANI_cloakGuySheet_land
                0x030011fc                ANI_cloakGuySheet_jump
                0x03001214                ANI_cloakGuySheet_idle
                0x03001220                ANI_cloakGuySheet_walk
 .data.__malloc_sbrk_base
                0x03001244        0x4 C:/Users/Ian8t/devkitPro/devkitARM/bin/../lib/gcc/arm-none-eabi/16.1.0/../../../../arm-none-eabi/lib\libg.a(libc_a-mallocr.o)
                0x03001244                __malloc_sbrk_base
 .data.__malloc_trim_threshold
                0x03001248        0x4 C:/Users/Ian8t/devkitPro/devkitARM/bin/../lib/gcc/arm-none-eabi/16.1.0/../../../../arm-none-eabi/lib\libg.a(libc_a-mallocr.o)
                0x03001248                __malloc_trim_threshold
 *fill*         0x0300124c        0x4 ff
 .data.__malloc_av_
                0x03001250      0x408 C:/Users/Ian8t/devkitPro/devkitARM/bin/../lib/gcc/arm-none-eabi/16.1.0/../../../../arm-none-eabi/lib\libg.a(libc_a-mallocr.o)
                0x03001250                __malloc_av_
 .data._impure_ptr
                0x03001658        0x4 C:/Users/Ian8t/devkitPro/devkitARM/bin/../lib/gcc/arm-none-eabi/16.1.0/../../../../arm-none-eabi/lib\libg.a(libc_a-impure.o)
                0x03001658                _impure_ptr
 *fill*         0x0300165c        0x4 ff
 .data._impure_data
                0x03001660      0x200 C:/Users/Ian8t/devkitPro/devkitARM/bin/../lib/gcc/arm-none-eabi/16.1.0/../../../../arm-none-eabi/lib\libg.a(libc_a-impure.o)
                0x03001660                _impure_data
 *(.gnu.linkonce.d*)
                0x03001860                        . = ALIGN (0x4)
                0x0807b1ac                        __preinit_lma = (__data_lma + SIZEOF (.data))

.igot.plt       0x03001860        0x0 load address 0x0807b1ac
 .igot.plt      0x03001860        0x0 C:/Users/Ian8t/devkitPro/devkitARM/bin/../lib/gcc/arm-none-eabi/16.1.0/../../../../arm-none-eabi/lib/gba_crt0.o

.preinit_array  0x03001860        0x0 load address 0x0807b1ac
                0x03001860                        __preinit_array_start = ABSOLUTE (.)
 *(.preinit_array)
                0x03001860                        __preinit_array_end = ABSOLUTE (.)
                0x0807b1ac                        __init_lma = (__preinit_lma + SIZEOF (.preinit_array))

.init_array     0x03001860        0x4 load address 0x0807b1ac
                0x03001860                        __init_array_start = ABSOLUTE (.)
 *(SORT_BY_NAME(.init_array.*))
 *(.init_array)
 .init_array    0x03001860        0x4 C:/Users/Ian8t/devkitPro/devkitARM/bin/../lib/gcc/arm-none-eabi/16.1.0/crtbegin.o
                0x03001864                        __init_array_end = ABSOLUTE (.)
                0x0807b1b0                        __fini_lma = (__init_lma + SIZEOF (.init_array))

.fini_array     0x03001864        0x4 load address 0x0807b1b0
                0x03001864                        __fini_array_start = ABSOLUTE (.)
 *(SORT_BY_NAME(.fini_array.*))
 *(.fini_array)
 .fini_array    0x03001864        0x4 C:/Users/Ian8t/devkitPro/devkitARM/bin/../lib/gcc/arm-none-eabi/16.1.0/crtbegin.o
                0x03001868                        __fini_array_end = ABSOLUTE (.)
                0x0807b1b4                        __jcr_lma = (__fini_lma + SIZEOF (.fini_array))

.jcr
 *(.jcr)
                0x03001868                        __data_end__ = ABSOLUTE (.)
                0x0807b1b4                        __iwram_overlay_lma = (__jcr_lma + SIZEOF (.jcr))
                0x03001868                        __iwram_overlay_start = .

.iwram0         0x03001868        0x0 load address 0x0807b1b4
 *(.iwram0)
                0x03001868                        . = ALIGN (0x4)
                0x0807b1b4                        PROVIDE (__load_start_iwram0 = LOADADDR (.iwram0))
                0x0807b1b4                        PROVIDE (__load_stop_iwram0 = (LOADADDR (.iwram0) + SIZEOF (.iwram0)))

.iwram1         0x03001868        0x0
 *(.iwram1)
                0x03001868                        . = ALIGN (0x4)
                [!provide]                        PROVIDE (__load_start_iwram1 = LOADADDR (.iwram1))
                [!provide]                        PROVIDE (__load_stop_iwram1 = (LOADADDR (.iwram1) + SIZEOF (.iwram1)))

.iwram2         0x03001868        0x0
 *(.iwram2)
                0x03001868                        . = ALIGN (0x4)
                [!provide]                        PROVIDE (__load_start_iwram2 = LOADADDR (.iwram2))
                [!provide]                        PROVIDE (__load_stop_iwram2 = (LOADADDR (.iwram2) + SIZEOF (.iwram2)))

.iwram3         0x03001868        0x0
 *(.iwram3)
                0x03001868                        . = ALIGN (0x4)
                [!provide]                        PROVIDE (__load_start_iwram3 = LOADADDR (.iwram3))
                [!provide]                        PROVIDE (__load_stop_iwram3 = (LOADADDR (.iwram3) + SIZEOF (.iwram3)))

.iwram4         0x03001868        0x0
 *(.iwram4)
                0x03001868                        . = ALIGN (0x4)
                [!provide]                        PROVIDE (__load_start_iwram4 = LOADADDR (.iwram4))
                [!provide]                        PROVIDE (__load_stop_iwram4 = (LOADADDR (.iwram4) + SIZEOF (.iwram4)))

.iwram5         0x03001868        0x0
 *(.iwram5)
                0x03001868                        . = ALIGN (0x4)
                [!provide]                        PROVIDE (__load_start_iwram5 = LOADADDR (.iwram5))
                [!provide]                        PROVIDE (__load_stop_iwram5 = (LOADADDR (.iwram5) + SIZEOF (.iwram5)))

.iwram6         0x03001868        0x0
 *(.iwram6)
                0x03001868                        . = ALIGN (0x4)
                [!provide]                        PROVIDE (__load_start_iwram6 = LOADADDR (.iwram6))
                [!provide]                        PROVIDE (__load_stop_iwram6 = (LOADADDR (.iwram6) + SIZEOF (.iwram6)))

.iwram7         0x03001868        0x0
 *(.iwram7)
                0x03001868                        . = ALIGN (0x4)
                [!provide]                        PROVIDE (__load_start_iwram7 = LOADADDR (.iwram7))
                [!provide]                        PROVIDE (__load_stop_iwram7 = (LOADADDR (.iwram7) + SIZEOF (.iwram7)))

.iwram8         0x03001868        0x0
 *(.iwram8)
                0x03001868                        . = ALIGN (0x4)
                [!provide]                        PROVIDE (__load_start_iwram8 = LOADADDR (.iwram8))
                [!provide]                        PROVIDE (__load_stop_iwram8 = (LOADADDR (.iwram8) + SIZEOF (.iwram8)))

.iwram9         0x03001868        0x0
 *(.iwram9)
                0x03001868                        . = ALIGN (0x4)
                [!provide]                        PROVIDE (__load_start_iwram9 = LOADADDR (.iwram9))
                [!provide]                        PROVIDE (__load_stop_iwram9 = (LOADADDR (.iwram9) + SIZEOF (.iwram9)))
                0x03001868                        __iwram_overlay_end = .
                0x0807b1b4                        __ewram_lma = (__iwram_overlay_lma + (__iwram_overlay_end - __iwram_overlay_start))
                0x03001868                        __iheap_start = .
                0x02000000                        __ewram_start = ORIGIN (ewram)

.ewram          0x02000000        0x0 load address 0x0807b1b4
 *(.ewram*)
                0x02000000                        . = ALIGN (0x4)
                0x02000000                        __ewram_end = ABSOLUTE (.)
                0x0807b1b4                        __pad_lma = (__ewram_lma + SIZEOF (.ewram))

.sbss           0x02000000        0x0
                0x02000000                        __sbss_start__ = ABSOLUTE (.)
 *(.sbss*)
                0x02000000                        . = ALIGN (0x4)
                0x02000000                        __sbss_end__ = ABSOLUTE (.)
                0x02000000                        __end__ = ABSOLUTE (.)
                0x02000000                        __eheap_start = ABSOLUTE (.)

.pad            0x02000000        0x8 load address 0x0807b1b4
                0x02000000        0x4 LONG 0x52416b64
                0x02000004        0x4 LONG 0x4d
                0x02000008                        . = ALIGN (0x4)
                0x0807b1bc                        __rom_end__ = (__pad_lma + SIZEOF (.pad))

.rel.dyn        0x02000008        0x0 load address 0x0807b1bc
 .rel.iplt      0x02000008        0x0 C:/Users/Ian8t/devkitPro/devkitARM/bin/../lib/gcc/arm-none-eabi/16.1.0/../../../../arm-none-eabi/lib/gba_crt0.o

.stab
 *(.stab)

.stabstr
 *(.stabstr)

.stab.excl
 *(.stab.excl)

.stab.exclstr
 *(.stab.exclstr)

.stab.index
 *(.stab.index)

.stab.indexstr
 *(.stab.indexstr)

.comment        0x00000000       0x18
 *(.comment)
 .comment       0x00000000       0x18 C:/Users/Ian8t/devkitPro/devkitARM/bin/../lib/gcc/arm-none-eabi/16.1.0/crtbegin.o
                                 0x19 (size before relaxing)
 .comment       0x00000018        0x0 conversation.o
                                 0x19 (size before relaxing)
 .comment       0x00000018        0x0 main.o
                                 0x19 (size before relaxing)
 .comment       0x00000018        0x0 platformer.o
                                 0x19 (size before relaxing)
 .comment       0x00000018        0x0 soundPlayer.o
                                 0x19 (size before relaxing)
 .comment       0x00000018        0x0 sprite.o
                                 0x19 (size before relaxing)
 .comment       0x00000018        0x0 textBox.o
                                 0x19 (size before relaxing)
 .comment       0x00000018        0x0 toolbox.o
                                 0x19 (size before relaxing)
 .comment       0x00000018        0x0 MUSCSong_BlueSkies_abw.o
                                 0x19 (size before relaxing)
 .comment       0x00000018        0x0 jump.o
                                 0x19 (size before relaxing)
 .comment       0x00000018        0x0 landing.o
                                 0x19 (size before relaxing)
 .comment       0x00000018        0x0 typing.o
                                 0x19 (size before relaxing)
 .comment       0x00000018        0x0 cloakGuySheet.o
                                 0x19 (size before relaxing)
 .comment       0x00000018        0x0 headshots.o
                                 0x19 (size before relaxing)
 .comment       0x00000018        0x0 badTiles.o
                                 0x19 (size before relaxing)
 .comment       0x00000018        0x0 font.o
                                 0x19 (size before relaxing)
 .comment       0x00000018        0x0 dialouge.o
                                 0x19 (size before relaxing)
 .comment       0x00000018        0x0 map64x200.o
                                 0x19 (size before relaxing)
 .comment       0x00000018        0x0 C:/Users/Ian8t/devkitPro/devkitARM/bin/../lib/gcc/arm-none-eabi/16.1.0/crtend.o
                                 0x19 (size before relaxing)

.debug
 *(.debug)

.line
 *(.line)

.debug_srcinfo
 *(.debug_srcinfo)

.debug_sfnames
 *(.debug_sfnames)

.debug_aranges  0x00000000      0x248
 *(.debug_aranges)
 .debug_aranges
                0x00000000       0x20 conversation.o
 .debug_aranges
                0x00000020       0x28 main.o
 .debug_aranges
                0x00000048       0x20 platformer.o
 .debug_aranges
                0x00000068       0x28 soundPlayer.o
 .debug_aranges
                0x00000090       0x20 sprite.o
 .debug_aranges
                0x000000b0       0x20 textBox.o
 .debug_aranges
                0x000000d0       0x20 toolbox.o
 .debug_aranges
                0x000000f0       0x18 MUSCSong_BlueSkies_abw.o
 .debug_aranges
                0x00000108       0x18 jump.o
 .debug_aranges
                0x00000120       0x18 landing.o
 .debug_aranges
                0x00000138       0x18 typing.o
 .debug_aranges
                0x00000150       0x18 cloakGuySheet.o
 .debug_aranges
                0x00000168       0x18 headshots.o
 .debug_aranges
                0x00000180       0x18 badTiles.o
 .debug_aranges
                0x00000198       0x18 font.o
 .debug_aranges
                0x000001b0       0x20 dialouge.o
 .debug_aranges
                0x000001d0       0x18 map64x200.o
 .debug_aranges
                0x000001e8       0x20 C:/Users/Ian8t/devkitPro/devkitARM/bin/../lib/gcc/arm-none-eabi/16.1.0\libgcc.a(_udivsi3.o)
 .debug_aranges
                0x00000208       0x20 C:/Users/Ian8t/devkitPro/devkitARM/bin/../lib/gcc/arm-none-eabi/16.1.0\libgcc.a(_divsi3.o)
 .debug_aranges
                0x00000228       0x20 C:/Users/Ian8t/devkitPro/devkitARM/bin/../lib/gcc/arm-none-eabi/16.1.0\libgcc.a(_dvmd_tls.o)

.debug_pubnames
 *(.debug_pubnames)

.debug_info     0x00000000     0x479a
 *(.debug_info)
 .debug_info    0x00000000      0x6fb conversation.o
 .debug_info    0x000006fb     0x1497 main.o
 .debug_info    0x00001b92      0xa01 platformer.o
 .debug_info    0x00002593      0x2df soundPlayer.o
 .debug_info    0x00002872      0x428 sprite.o
 .debug_info    0x00002c9a      0x98e textBox.o
 .debug_info    0x00003628      0x830 toolbox.o
 .debug_info    0x00003e58       0x69 MUSCSong_BlueSkies_abw.o
 .debug_info    0x00003ec1       0x67 jump.o
 .debug_info    0x00003f28       0x67 landing.o
 .debug_info    0x00003f8f       0x66 typing.o
 .debug_info    0x00003ff5      0x1ab cloakGuySheet.o
 .debug_info    0x000041a0       0xa1 headshots.o
 .debug_info    0x00004241       0xa3 badTiles.o
 .debug_info    0x000042e4       0xa3 font.o
 .debug_info    0x00004387      0x2e6 dialouge.o
 .debug_info    0x0000466d       0x75 map64x200.o
 .debug_info    0x000046e2       0x3e C:/Users/Ian8t/devkitPro/devkitARM/bin/../lib/gcc/arm-none-eabi/16.1.0\libgcc.a(_udivsi3.o)
 .debug_info    0x00004720       0x3e C:/Users/Ian8t/devkitPro/devkitARM/bin/../lib/gcc/arm-none-eabi/16.1.0\libgcc.a(_divsi3.o)
 .debug_info    0x0000475e       0x3c C:/Users/Ian8t/devkitPro/devkitARM/bin/../lib/gcc/arm-none-eabi/16.1.0\libgcc.a(_dvmd_tls.o)

.debug_abbrev   0x00000000     0x1992
 *(.debug_abbrev)
 .debug_abbrev  0x00000000      0x2ec conversation.o
 .debug_abbrev  0x000002ec      0x475 main.o
 .debug_abbrev  0x00000761      0x328 platformer.o
 .debug_abbrev  0x00000a89      0x190 soundPlayer.o
 .debug_abbrev  0x00000c19      0x25a sprite.o
 .debug_abbrev  0x00000e73      0x3a6 textBox.o
 .debug_abbrev  0x00001219      0x271 toolbox.o
 .debug_abbrev  0x0000148a       0x5c MUSCSong_BlueSkies_abw.o
 .debug_abbrev  0x000014e6       0x5c jump.o
 .debug_abbrev  0x00001542       0x5c landing.o
 .debug_abbrev  0x0000159e       0x5c typing.o
 .debug_abbrev  0x000015fa       0xc5 cloakGuySheet.o
 .debug_abbrev  0x000016bf       0x74 headshots.o
 .debug_abbrev  0x00001733       0x73 badTiles.o
 .debug_abbrev  0x000017a6       0x73 font.o
 .debug_abbrev  0x00001819       0x9c dialouge.o
 .debug_abbrev  0x000018b5       0x67 map64x200.o
 .debug_abbrev  0x0000191c       0x28 C:/Users/Ian8t/devkitPro/devkitARM/bin/../lib/gcc/arm-none-eabi/16.1.0\libgcc.a(_udivsi3.o)
 .debug_abbrev  0x00001944       0x28 C:/Users/Ian8t/devkitPro/devkitARM/bin/../lib/gcc/arm-none-eabi/16.1.0\libgcc.a(_divsi3.o)
 .debug_abbrev  0x0000196c       0x26 C:/Users/Ian8t/devkitPro/devkitARM/bin/../lib/gcc/arm-none-eabi/16.1.0\libgcc.a(_dvmd_tls.o)

.debug_line     0x00000000     0x4626
 *(.debug_line)
 .debug_line    0x00000000      0x5bb conversation.o
 .debug_line    0x000005bb     0x120e main.o
 .debug_line    0x000017c9      0x836 platformer.o
 .debug_line    0x00001fff      0x367 soundPlayer.o
 .debug_line    0x00002366      0x272 sprite.o
 .debug_line    0x000025d8     0x110a textBox.o
 .debug_line    0x000036e2      0x8cc toolbox.o
 .debug_line    0x00003fae       0x8e MUSCSong_BlueSkies_abw.o
 .debug_line    0x0000403c       0x7c jump.o
 .debug_line    0x000040b8       0x7f landing.o
 .debug_line    0x00004137       0x7e typing.o
 .debug_line    0x000041b5       0x87 cloakGuySheet.o
 .debug_line    0x0000423c       0x83 headshots.o
 .debug_line    0x000042bf       0x82 badTiles.o
 .debug_line    0x00004341       0x7e font.o
 .debug_line    0x000043bf       0xc4 dialouge.o
 .debug_line    0x00004483       0x7f map64x200.o
 .debug_line    0x00004502       0x67 C:/Users/Ian8t/devkitPro/devkitARM/bin/../lib/gcc/arm-none-eabi/16.1.0\libgcc.a(_udivsi3.o)
 .debug_line    0x00004569       0x73 C:/Users/Ian8t/devkitPro/devkitARM/bin/../lib/gcc/arm-none-eabi/16.1.0\libgcc.a(_divsi3.o)
 .debug_line    0x000045dc       0x4a C:/Users/Ian8t/devkitPro/devkitARM/bin/../lib/gcc/arm-none-eabi/16.1.0\libgcc.a(_dvmd_tls.o)

.debug_frame    0x00000000      0x6ec
 *(.debug_frame)
 .debug_frame   0x00000000       0xa4 conversation.o
 .debug_frame   0x000000a4      0x11c main.o
 .debug_frame   0x000001c0       0xf0 platformer.o
 .debug_frame   0x000002b0       0xb4 soundPlayer.o
 .debug_frame   0x00000364       0x60 sprite.o
 .debug_frame   0x000003c4      0x170 textBox.o
 .debug_frame   0x00000534      0x140 toolbox.o
 .debug_frame   0x00000674       0x38 dialouge.o
 .debug_frame   0x000006ac       0x20 C:/Users/Ian8t/devkitPro/devkitARM/bin/../lib/gcc/arm-none-eabi/16.1.0\libgcc.a(_udivsi3.o)
 .debug_frame   0x000006cc       0x20 C:/Users/Ian8t/devkitPro/devkitARM/bin/../lib/gcc/arm-none-eabi/16.1.0\libgcc.a(_divsi3.o)

.debug_str      0x00000000      0xed0
 *(.debug_str)
 .debug_str     0x00000000      0xed0 conversation.o
                                0x31f (size before relaxing)
 .debug_str     0x00000ed0        0x0 main.o
                                0x61b (size before relaxing)
 .debug_str     0x00000ed0        0x0 platformer.o
                                0x371 (size before relaxing)
 .debug_str     0x00000ed0        0x0 soundPlayer.o
                                0x24a (size before relaxing)
 .debug_str     0x00000ed0        0x0 sprite.o
                                0x24f (size before relaxing)
 .debug_str     0x00000ed0        0x0 textBox.o
                                0x31b (size before relaxing)
 .debug_str     0x00000ed0        0x0 toolbox.o
                                0x263 (size before relaxing)
 .debug_str     0x00000ed0        0x0 MUSCSong_BlueSkies_abw.o
                                0x116 (size before relaxing)
 .debug_str     0x00000ed0        0x0 jump.o
                                 0xfa (size before relaxing)
 .debug_str     0x00000ed0        0x0 landing.o
                                0x100 (size before relaxing)
 .debug_str     0x00000ed0        0x0 typing.o
                                 0xfe (size before relaxing)
 .debug_str     0x00000ed0        0x0 cloakGuySheet.o
                                0x1ed (size before relaxing)
 .debug_str     0x00000ed0        0x0 headshots.o
                                0x12f (size before relaxing)
 .debug_str     0x00000ed0        0x0 badTiles.o
                                0x12c (size before relaxing)
 .debug_str     0x00000ed0        0x0 font.o
                                0x120 (size before relaxing)
 .debug_str     0x00000ed0        0x0 dialouge.o
                                0x158 (size before relaxing)
 .debug_str     0x00000ed0        0x0 map64x200.o
                                0x112 (size before relaxing)
 .debug_str     0x00000ed0        0x0 C:/Users/Ian8t/devkitPro/devkitARM/bin/../lib/gcc/arm-none-eabi/16.1.0\libgcc.a(_udivsi3.o)
                                 0xf0 (size before relaxing)
 .debug_str     0x00000ed0        0x0 C:/Users/Ian8t/devkitPro/devkitARM/bin/../lib/gcc/arm-none-eabi/16.1.0\libgcc.a(_divsi3.o)
                                 0xee (size before relaxing)
 .debug_str     0x00000ed0        0x0 C:/Users/Ian8t/devkitPro/devkitARM/bin/../lib/gcc/arm-none-eabi/16.1.0\libgcc.a(_dvmd_tls.o)
                                 0xf1 (size before relaxing)

.debug_loc
 *(.debug_loc)

.debug_macinfo
 *(.debug_macinfo)

.debug_weaknames
 *(.debug_weaknames)

.debug_funcnames
 *(.debug_funcnames)

.debug_typenames
 *(.debug_typenames)

.debug_varnames
 *(.debug_varnames)

.stack          0x00080000        0x0
                0x00080000                        _stack = .
 *(.stack)

.note.gnu.arm.ident
 *(.note.gnu.arm.ident)

.ARM.attributes
                0x00000000       0x2c
 *(.ARM.attributes)
 .ARM.attributes
                0x00000000       0x20 C:/Users/Ian8t/devkitPro/devkitARM/bin/../lib/gcc/arm-none-eabi/16.1.0/../../../../arm-none-eabi/lib/gba_crt0.o
 .ARM.attributes
                0x00000020       0x1c C:/Users/Ian8t/devkitPro/devkitARM/bin/../lib/gcc/arm-none-eabi/16.1.0/crti.o
 .ARM.attributes
                0x0000003c       0x2a C:/Users/Ian8t/devkitPro/devkitARM/bin/../lib/gcc/arm-none-eabi/16.1.0/crtbegin.o
 .ARM.attributes
                0x00000066       0x26 conversation.o
 .ARM.attributes
                0x0000008c       0x26 main.o
 .ARM.attributes
                0x000000b2       0x26 platformer.o
 .ARM.attributes
                0x000000d8       0x26 soundPlayer.o
 .ARM.attributes
                0x000000fe       0x26 sprite.o
 .ARM.attributes
                0x00000124       0x26 textBox.o
 .ARM.attributes
                0x0000014a       0x26 toolbox.o
 .ARM.attributes
                0x00000170       0x26 AMBTown_OldCitySounds_mix_alex_jouk_freesound.o
 .ARM.attributes
                0x00000196       0x26 BEEPMed_HeartMonitor_fadingembersaudio.o
 .ARM.attributes
                0x000001bc       0x26 CRWDApls_SmallCrowd_miraclei.o
 .ARM.attributes
                0x000001e2       0x26 DOORGate_CastleGate_freesound_comunity.o
 .ARM.attributes
                0x00000208       0x26 ELECZap_InternalFault2_freesound_abw.o
 .ARM.attributes
                0x0000022e       0x26 FEETHmn_Bootstep.o
 .ARM.attributes
                0x00000254       0x26 FGHTBf_Tackled_abw.o
 .ARM.attributes
                0x0000027a       0x26 HMNBrth_DyingGasp.o
 .ARM.attributes
                0x000002a0       0x26 HMNBrth_KickedGasp_abw.o
 .ARM.attributes
                0x000002c6       0x26 HMNBrth_LaboredBreathing_freesound_comunity.o
 .ARM.attributes
                0x000002ec       0x26 HMNSnor_Snoring_abw.o
 .ARM.attributes
                0x00000312       0x26 METLFric_CreakingMetal.o
 .ARM.attributes
                0x00000338       0x26 MUSCSong_BlueSkies_abw.o
 .ARM.attributes
                0x0000035e       0x26 MUSCSong_MetalDrum_abw.o
 .ARM.attributes
                0x00000384       0x26 MUSCSong_StolenPiano_abw.o
 .ARM.attributes
                0x000003aa       0x26 OBJCoin_CoinJingle_abw.o
 .ARM.attributes
                0x000003d0       0x26 PLASImpt_DroppedDisc_abw.o
 .ARM.attributes
                0x000003f6       0x26 WEAPSwrd_SwordDrawn.o
 .ARM.attributes
                0x0000041c       0x26 jump.o
 .ARM.attributes
                0x00000442       0x26 landing.o
 .ARM.attributes
                0x00000468       0x26 typing.o
 .ARM.attributes
                0x0000048e       0x26 cloakGuySheet.o
 .ARM.attributes
                0x000004b4       0x26 headshots.o
 .ARM.attributes
                0x000004da       0x26 sadSlime.o
 .ARM.attributes
                0x00000500       0x26 sadSlimeSheet.o
 .ARM.attributes
                0x00000526       0x26 badTiles.o
 .ARM.attributes
                0x0000054c       0x26 font.o
 .ARM.attributes
                0x00000572       0x26 sand.o
 .ARM.attributes
                0x00000598       0x26 sand2.o
 .ARM.attributes
                0x000005be       0x26 map.o
 .ARM.attributes
                0x000005e4       0x26 map64x64.o
 .ARM.attributes
                0x0000060a       0x26 dialouge.o
 .ARM.attributes
                0x00000630       0x26 map64x200.o
 .ARM.attributes
                0x00000656       0x1c C:/Users/Ian8t/devkitPro/devkitARM/bin/../lib/gcc/arm-none-eabi/16.1.0\libgcc.a(_udivsi3.o)
 .ARM.attributes
                0x00000672       0x1c C:/Users/Ian8t/devkitPro/devkitARM/bin/../lib/gcc/arm-none-eabi/16.1.0\libgcc.a(_divsi3.o)
 .ARM.attributes
                0x0000068e       0x1c C:/Users/Ian8t/devkitPro/devkitARM/bin/../lib/gcc/arm-none-eabi/16.1.0\libgcc.a(_dvmd_tls.o)
 .ARM.attributes
                0x000006aa       0x1c C:/Users/Ian8t/devkitPro/devkitARM/bin/../lib/gcc/arm-none-eabi/16.1.0\libgcc.a(_sync_none.o)
 .ARM.attributes
                0x000006c6       0x2a C:/Users/Ian8t/devkitPro/devkitARM/bin/../lib/gcc/arm-none-eabi/16.1.0/../../../../arm-none-eabi/lib\libg.a(libc_a-memcpy-stub.o)
 .ARM.attributes
                0x000006f0       0x2a C:/Users/Ian8t/devkitPro/devkitARM/bin/../lib/gcc/arm-none-eabi/16.1.0/../../../../arm-none-eabi/lib\libg.a(libc_a-memset.o)
 .ARM.attributes
                0x0000071a       0x2a C:/Users/Ian8t/devkitPro/devkitARM/bin/../lib/gcc/arm-none-eabi/16.1.0/../../../../arm-none-eabi/lib\libg.a(libc_a-init.o)
 .ARM.attributes
                0x00000744       0x2a C:/Users/Ian8t/devkitPro/devkitARM/bin/../lib/gcc/arm-none-eabi/16.1.0/../../../../arm-none-eabi/lib\libg.a(libc_a-malloc.o)
 .ARM.attributes
                0x0000076e       0x2a C:/Users/Ian8t/devkitPro/devkitARM/bin/../lib/gcc/arm-none-eabi/16.1.0/../../../../arm-none-eabi/lib\libg.a(libc_a-malignr.o)
 .ARM.attributes
                0x00000798       0x2a C:/Users/Ian8t/devkitPro/devkitARM/bin/../lib/gcc/arm-none-eabi/16.1.0/../../../../arm-none-eabi/lib\libg.a(libc_a-mallocr.o)
 .ARM.attributes
                0x000007c2       0x2a C:/Users/Ian8t/devkitPro/devkitARM/bin/../lib/gcc/arm-none-eabi/16.1.0/../../../../arm-none-eabi/lib\libg.a(libc_a-freer.o)
 .ARM.attributes
                0x000007ec       0x2a C:/Users/Ian8t/devkitPro/devkitARM/bin/../lib/gcc/arm-none-eabi/16.1.0/../../../../arm-none-eabi/lib\libg.a(libc_a-mlock.o)
 .ARM.attributes
                0x00000816       0x2a C:/Users/Ian8t/devkitPro/devkitARM/bin/../lib/gcc/arm-none-eabi/16.1.0/../../../../arm-none-eabi/lib\libsysbase.a(libsysbase_libsysbase_a-getreent.o)
 .ARM.attributes
                0x00000840       0x2a C:/Users/Ian8t/devkitPro/devkitARM/bin/../lib/gcc/arm-none-eabi/16.1.0/../../../../arm-none-eabi/lib\libsysbase.a(libsysbase_libsysbase_a-malloc_vars.o)
 .ARM.attributes
                0x0000086a       0x2a C:/Users/Ian8t/devkitPro/devkitARM/bin/../lib/gcc/arm-none-eabi/16.1.0/../../../../arm-none-eabi/lib\libsysbase.a(libsysbase_libsysbase_a-sbrk.o)
 .ARM.attributes
                0x00000894       0x2a C:/Users/Ian8t/devkitPro/devkitARM/bin/../lib/gcc/arm-none-eabi/16.1.0/../../../../arm-none-eabi/lib\libsysbase.a(libsysbase_libsysbase_a-syscall_support.o)
 .ARM.attributes
                0x000008be       0x2a C:/Users/Ian8t/devkitPro/devkitARM/bin/../lib/gcc/arm-none-eabi/16.1.0/../../../../arm-none-eabi/lib\libsysbase.a(libsysbase_libsysbase_a-clocks.o)
 .ARM.attributes
                0x000008e8       0x2a C:/Users/Ian8t/devkitPro/devkitARM/bin/../lib/gcc/arm-none-eabi/16.1.0/../../../../arm-none-eabi/lib\libg.a(libc_a-impure.o)
 .ARM.attributes
                0x00000912       0x2a C:/Users/Ian8t/devkitPro/devkitARM/bin/../lib/gcc/arm-none-eabi/16.1.0/../../../../arm-none-eabi/lib\libg.a(libc_a-errno.o)
 .ARM.attributes
                0x0000093c       0x2a C:/Users/Ian8t/devkitPro/devkitARM/bin/../lib/gcc/arm-none-eabi/16.1.0/../../../../arm-none-eabi/lib\libg.a(libc_a-findfp.o)
 .ARM.attributes
                0x00000966       0x2a C:/Users/Ian8t/devkitPro/devkitARM/bin/../lib/gcc/arm-none-eabi/16.1.0/../../../../arm-none-eabi/lib\libg.a(libc_a-stdio.o)
 .ARM.attributes
                0x00000990       0x2a C:/Users/Ian8t/devkitPro/devkitARM/bin/../lib/gcc/arm-none-eabi/16.1.0/../../../../arm-none-eabi/lib\libg.a(libc_a-fclose.o)
 .ARM.attributes
                0x000009ba       0x2a C:/Users/Ian8t/devkitPro/devkitARM/bin/../lib/gcc/arm-none-eabi/16.1.0/../../../../arm-none-eabi/lib\libg.a(libc_a-fwalk.o)
 .ARM.attributes
                0x000009e4       0x2a C:/Users/Ian8t/devkitPro/devkitARM/bin/../lib/gcc/arm-none-eabi/16.1.0/../../../../arm-none-eabi/lib\libg.a(libc_a-fflush.o)
 .ARM.attributes
                0x00000a0e       0x2a C:/Users/Ian8t/devkitPro/devkitARM/bin/../lib/gcc/arm-none-eabi/16.1.0/../../../../arm-none-eabi/lib\libsysbase.a(libsysbase_libsysbase_a-handle_manager.o)
 .ARM.attributes
                0x00000a38       0x2a C:/Users/Ian8t/devkitPro/devkitARM/bin/../lib/gcc/arm-none-eabi/16.1.0/../../../../arm-none-eabi/lib\libsysbase.a(libsysbase_libsysbase_a-iosupport.o)
 .ARM.attributes
                0x00000a62       0x2a C:/Users/Ian8t/devkitPro/devkitARM/bin/../lib/gcc/arm-none-eabi/16.1.0/../../../../arm-none-eabi/lib\libsysbase.a(libsysbase_libsysbase_a-lseek.o)
 .ARM.attributes
                0x00000a8c       0x2a C:/Users/Ian8t/devkitPro/devkitARM/bin/../lib/gcc/arm-none-eabi/16.1.0/../../../../arm-none-eabi/lib\libsysbase.a(libsysbase_libsysbase_a-read.o)
 .ARM.attributes
                0x00000ab6       0x2a C:/Users/Ian8t/devkitPro/devkitARM/bin/../lib/gcc/arm-none-eabi/16.1.0/../../../../arm-none-eabi/lib\libsysbase.a(libsysbase_libsysbase_a-write.o)
 .ARM.attributes
                0x00000ae0       0x2a C:/Users/Ian8t/devkitPro/devkitARM/bin/../lib/gcc/arm-none-eabi/16.1.0/../../../../arm-none-eabi/lib\libg.a(libc_a-strlen.o)
 .ARM.attributes
                0x00000b0a       0x2a C:/Users/Ian8t/devkitPro/devkitARM/bin/../lib/gcc/arm-none-eabi/16.1.0/../../../../arm-none-eabi/lib\libg.a(libc_a-strchr.o)
 .ARM.attributes
                0x00000b34       0x1a C:/Users/Ian8t/devkitPro/devkitARM/bin/../lib/gcc/arm-none-eabi/16.1.0/../../../../arm-none-eabi/lib\libg.a(libc_a-strcmp.o)
 .ARM.attributes
                0x00000b4e       0x2a C:/Users/Ian8t/devkitPro/devkitARM/bin/../lib/gcc/arm-none-eabi/16.1.0/../../../../arm-none-eabi/lib\libg.a(libc_a-strncmp.o)
 .ARM.attributes
                0x00000b78       0x2a C:/Users/Ian8t/devkitPro/devkitARM/bin/../lib/gcc/arm-none-eabi/16.1.0/crtend.o
 .ARM.attributes
                0x00000ba2       0x1c C:/Users/Ian8t/devkitPro/devkitARM/bin/../lib/gcc/arm-none-eabi/16.1.0/crtn.o

/DISCARD/
 *(.note.GNU-stack)
LOAD C:/Users/Ian8t/devkitPro/devkitARM/bin/../lib/gcc/arm-none-eabi/16.1.0/../../../../arm-none-eabi/lib/gba_crt0.o
LOAD C:/Users/Ian8t/devkitPro/devkitARM/bin/../lib/gcc/arm-none-eabi/16.1.0/crti.o
LOAD C:/Users/Ian8t/devkitPro/devkitARM/bin/../lib/gcc/arm-none-eabi/16.1.0/crtbegin.o
LOAD conversation.o
LOAD main.o
LOAD platformer.o
LOAD soundPlayer.o
LOAD sprite.o
LOAD textBox.o
LOAD toolbox.o
LOAD AMBTown_OldCitySounds_mix_alex_jouk_freesound.o
LOAD BEEPMed_HeartMonitor_fadingembersaudio.o
LOAD CRWDApls_SmallCrowd_miraclei.o
LOAD DOORGate_CastleGate_freesound_comunity.o
LOAD ELECZap_InternalFault2_freesound_abw.o
LOAD FEETHmn_Bootstep.o
LOAD FGHTBf_Tackled_abw.o
LOAD HMNBrth_DyingGasp.o
LOAD HMNBrth_KickedGasp_abw.o
LOAD HMNBrth_LaboredBreathing_freesound_comunity.o
LOAD HMNSnor_Snoring_abw.o
LOAD METLFric_CreakingMetal.o
LOAD MUSCSong_BlueSkies_abw.o
LOAD MUSCSong_MetalDrum_abw.o
LOAD MUSCSong_StolenPiano_abw.o
LOAD OBJCoin_CoinJingle_abw.o
LOAD PLASImpt_DroppedDisc_abw.o
LOAD WEAPSwrd_SwordDrawn.o
LOAD jump.o
LOAD landing.o
LOAD typing.o
LOAD cloakGuySheet.o
LOAD headshots.o
LOAD sadSlime.o
LOAD sadSlimeSheet.o
LOAD badTiles.o
LOAD font.o
LOAD sand.o
LOAD sand2.o
LOAD map.o
LOAD map64x64.o
LOAD dialouge.o
LOAD map64x200.o
LOAD C:/Users/Ian8t/devkitPro/libgba/lib\libgba.a
START GROUP
LOAD C:/Users/Ian8t/devkitPro/devkitARM/bin/../lib/gcc/arm-none-eabi/16.1.0\libgcc.a
LOAD C:/Users/Ian8t/devkitPro/devkitARM/bin/../lib/gcc/arm-none-eabi/16.1.0/../../../../arm-none-eabi/lib\libg.a
LOAD C:/Users/Ian8t/devkitPro/devkitARM/bin/../lib/gcc/arm-none-eabi/16.1.0/../../../../arm-none-eabi/lib\libc.a
LOAD C:/Users/Ian8t/devkitPro/devkitARM/bin/../lib/gcc/arm-none-eabi/16.1.0/../../../../arm-none-eabi/lib\libsysbase.a
END GROUP
LOAD C:/Users/Ian8t/devkitPro/devkitARM/bin/../lib/gcc/arm-none-eabi/16.1.0/crtend.o
LOAD C:/Users/Ian8t/devkitPro/devkitARM/bin/../lib/gcc/arm-none-eabi/16.1.0/crtn.o
OUTPUT(C:/ZZZFilesZZZ/GBA/TechnoJim/TechnoJim.elf elf32-littlearm)
LOAD linker stubs

.debug_loclists
                0x00000000     0x5928
 .debug_loclists
                0x00000000      0x865 conversation.o
 .debug_loclists
                0x00000865     0x2574 main.o
 .debug_loclists
                0x00002dd9     0x1758 platformer.o
 .debug_loclists
                0x00004531      0x160 soundPlayer.o
 .debug_loclists
                0x00004691      0x14a sprite.o
 .debug_loclists
                0x000047db      0x720 textBox.o
 .debug_loclists
                0x00004efb      0xa2d toolbox.o

.debug_rnglists
                0x00000000      0x50a
 .debug_rnglists
                0x00000000       0x95 conversation.o
 .debug_rnglists
                0x00000095      0x1ab main.o
 .debug_rnglists
                0x00000240       0x9c platformer.o
 .debug_rnglists
                0x000002dc       0x45 soundPlayer.o
 .debug_rnglists
                0x00000321       0x3b sprite.o
 .debug_rnglists
                0x0000035c      0x185 textBox.o
 .debug_rnglists
                0x000004e1       0x29 toolbox.o

.debug_line_str
                0x00000000       0xc7
 .debug_line_str
                0x00000000       0xc7 C:/Users/Ian8t/devkitPro/devkitARM/bin/../lib/gcc/arm-none-eabi/16.1.0\libgcc.a(_udivsi3.o)
 .debug_line_str
                0x000000c7        0x0 C:/Users/Ian8t/devkitPro/devkitARM/bin/../lib/gcc/arm-none-eabi/16.1.0\libgcc.a(_divsi3.o)
                                 0xc7 (size before relaxing)
 .debug_line_str
                0x000000c7        0x0 C:/Users/Ian8t/devkitPro/devkitARM/bin/../lib/gcc/arm-none-eabi/16.1.0\libgcc.a(_dvmd_tls.o)
                                 0xc7 (size before relaxing)
