Archive member included to satisfy reference by file (symbol)

C:/devkitPro/devkitARM/bin/../lib/gcc/arm-none-eabi/16.1.0\libgcc.a(_divsi3.o)
                              soundPlayer.o (__aeabi_idiv)
C:/devkitPro/devkitARM/bin/../lib/gcc/arm-none-eabi/16.1.0\libgcc.a(_dvmd_tls.o)
                              C:/devkitPro/devkitARM/bin/../lib/gcc/arm-none-eabi/16.1.0\libgcc.a(_divsi3.o) (__aeabi_idiv0)
C:/devkitPro/devkitARM/bin/../lib/gcc/arm-none-eabi/16.1.0\libgcc.a(_sync_none.o)
                              (__sync_synchronize_none)
C:/devkitPro/devkitARM/bin/../lib/gcc/arm-none-eabi/16.1.0/../../../../arm-none-eabi/lib\libg.a(libc_a-memcpy-stub.o)
                              conversation.o (memcpy)
C:/devkitPro/devkitARM/bin/../lib/gcc/arm-none-eabi/16.1.0/../../../../arm-none-eabi/lib\libg.a(libc_a-init.o)
                              C:/devkitPro/devkitARM/bin/../lib/gcc/arm-none-eabi/16.1.0/../../../../arm-none-eabi/lib/gba_crt0.o (__libc_init_array)
C:/devkitPro/devkitARM/bin/../lib/gcc/arm-none-eabi/16.1.0/../../../../arm-none-eabi/lib\libg.a(libc_a-malloc.o)
                              conversation.o (malloc)
C:/devkitPro/devkitARM/bin/../lib/gcc/arm-none-eabi/16.1.0/../../../../arm-none-eabi/lib\libg.a(libc_a-malignr.o)
                              C:/devkitPro/devkitARM/bin/../lib/gcc/arm-none-eabi/16.1.0/../../../../arm-none-eabi/lib\libg.a(libc_a-malloc.o) (_memalign_r)
C:/devkitPro/devkitARM/bin/../lib/gcc/arm-none-eabi/16.1.0/../../../../arm-none-eabi/lib\libg.a(libc_a-mallocr.o)
                              C:/devkitPro/devkitARM/bin/../lib/gcc/arm-none-eabi/16.1.0/../../../../arm-none-eabi/lib\libg.a(libc_a-malloc.o) (_malloc_r)
C:/devkitPro/devkitARM/bin/../lib/gcc/arm-none-eabi/16.1.0/../../../../arm-none-eabi/lib\libg.a(libc_a-freer.o)
                              C:/devkitPro/devkitARM/bin/../lib/gcc/arm-none-eabi/16.1.0/../../../../arm-none-eabi/lib\libg.a(libc_a-malloc.o) (_free_r)
C:/devkitPro/devkitARM/bin/../lib/gcc/arm-none-eabi/16.1.0/../../../../arm-none-eabi/lib\libg.a(libc_a-mlock.o)
                              C:/devkitPro/devkitARM/bin/../lib/gcc/arm-none-eabi/16.1.0/../../../../arm-none-eabi/lib\libg.a(libc_a-malignr.o) (__malloc_lock)
C:/devkitPro/devkitARM/bin/../lib/gcc/arm-none-eabi/16.1.0/../../../../arm-none-eabi/lib\libsysbase.a(libsysbase_libsysbase_a-getreent.o)
                              C:/devkitPro/devkitARM/bin/../lib/gcc/arm-none-eabi/16.1.0/../../../../arm-none-eabi/lib\libg.a(libc_a-malloc.o) (__getreent)
C:/devkitPro/devkitARM/bin/../lib/gcc/arm-none-eabi/16.1.0/../../../../arm-none-eabi/lib\libsysbase.a(libsysbase_libsysbase_a-malloc_vars.o)
                              C:/devkitPro/devkitARM/bin/../lib/gcc/arm-none-eabi/16.1.0/../../../../arm-none-eabi/lib/gba_crt0.o (fake_heap_end)
C:/devkitPro/devkitARM/bin/../lib/gcc/arm-none-eabi/16.1.0/../../../../arm-none-eabi/lib\libsysbase.a(libsysbase_libsysbase_a-sbrk.o)
                              C:/devkitPro/devkitARM/bin/../lib/gcc/arm-none-eabi/16.1.0/../../../../arm-none-eabi/lib\libg.a(libc_a-mallocr.o) (_sbrk_r)
C:/devkitPro/devkitARM/bin/../lib/gcc/arm-none-eabi/16.1.0/../../../../arm-none-eabi/lib\libsysbase.a(libsysbase_libsysbase_a-syscall_support.o)
                              C:/devkitPro/devkitARM/bin/../lib/gcc/arm-none-eabi/16.1.0/../../../../arm-none-eabi/lib\libg.a(libc_a-mlock.o) (__libc_lock_acquire_recursive)
C:/devkitPro/devkitARM/bin/../lib/gcc/arm-none-eabi/16.1.0/../../../../arm-none-eabi/lib\libsysbase.a(libsysbase_libsysbase_a-clocks.o)
                              C:/devkitPro/devkitARM/bin/../lib/gcc/arm-none-eabi/16.1.0/../../../../arm-none-eabi/lib\libsysbase.a(libsysbase_libsysbase_a-syscall_support.o) (clock_gettime)
C:/devkitPro/devkitARM/bin/../lib/gcc/arm-none-eabi/16.1.0\libgcc.a(_udivsi3.o)
                              C:/devkitPro/devkitARM/bin/../lib/gcc/arm-none-eabi/16.1.0/../../../../arm-none-eabi/lib\libg.a(libc_a-malignr.o) (__aeabi_uidivmod)
C:/devkitPro/devkitARM/bin/../lib/gcc/arm-none-eabi/16.1.0/../../../../arm-none-eabi/lib\libg.a(libc_a-impure.o)
                              C:/devkitPro/devkitARM/bin/../lib/gcc/arm-none-eabi/16.1.0/../../../../arm-none-eabi/lib\libsysbase.a(libsysbase_libsysbase_a-getreent.o) (_impure_ptr)
C:/devkitPro/devkitARM/bin/../lib/gcc/arm-none-eabi/16.1.0/../../../../arm-none-eabi/lib\libg.a(libc_a-errno.o)
                              C:/devkitPro/devkitARM/bin/../lib/gcc/arm-none-eabi/16.1.0/../../../../arm-none-eabi/lib\libsysbase.a(libsysbase_libsysbase_a-clocks.o) (__errno)
C:/devkitPro/devkitARM/bin/../lib/gcc/arm-none-eabi/16.1.0/../../../../arm-none-eabi/lib\libg.a(libc_a-findfp.o)
                              C:/devkitPro/devkitARM/bin/../lib/gcc/arm-none-eabi/16.1.0/../../../../arm-none-eabi/lib\libg.a(libc_a-impure.o) (__sf)
C:/devkitPro/devkitARM/bin/../lib/gcc/arm-none-eabi/16.1.0/../../../../arm-none-eabi/lib\libg.a(libc_a-stdio.o)
[...]
Memory Configuration

Name             Origin             Length             Attributes
rom              0x08000000         0x02000000
iwram            0x03000000         0x00008000
ewram            0x02000000         0x00040000
*default*        0x00000000         0xffffffff

Linker script and memory map

                0x00000000                        __sync_synchronize = __sync_synchronize_none
                0x08000000                        __text_start = ORIGIN (rom)
                0x02040000                        __eheap_end = (ORIGIN (ewram) + LENGTH (ewram))
                0x03000000                        __iwram_start = ORIGIN (iwram)
                0x03008000                        __iwram_top = (ORIGIN (iwram) + LENGTH (iwram))
                0x03007fa0                        __sp_irq = (__iwram_top - 0x60)
                0x03007f00                        __sp_usr = (__sp_irq - 0xa0)
                0x03007ff8                        __irq_flags = 0x3007ff8
                0x08000000                        . = __text_start

.crt0           0x08000000      0x210
 *(.crt0)
 .crt0          0x08000000      0x210 C:/devkitPro/devkitARM/bin/../lib/gcc/arm-none-eabi/16.1.0/../../../../arm-none-eabi/lib/gba_crt0.o
                0x08000000                _start
                0x080000c4                __boot_method
                0x080000c5                __slave_number
                0x080000e0                start_vector
                0x08000210                        . = ALIGN (0x4)

.init           0x08000210       0x18
 *(SORT_NONE(.init))
 .init          0x08000210        0xc C:/devkitPro/devkitARM/bin/../lib/gcc/arm-none-eabi/16.1.0/crti.o
                0x08000210                _init
 .init          0x0800021c        0xc C:/devkitPro/devkitARM/bin/../lib/gcc/arm-none-eabi/16.1.0/crtn.o

.plt            0x08000228        0x0
 *(.plt)
                0x08000228                        . = ALIGN (0x4)

.text           0x08000228     0x37f0
 *(EXCLUDE_FILE(*.iwram*) .text*)
 .text.__do_global_dtors_aux
                0x08000228       0x54 C:/devkitPro/devkitARM/bin/../lib/gcc/arm-none-eabi/16.1.0/crtbegin.o
 .text.frame_dummy
                0x0800027c       0x30 C:/devkitPro/devkitARM/bin/../lib/gcc/arm-none-eabi/16.1.0/crtbegin.o
 .text          0x080002ac      0x828 conversation.o
                0x080002ac                createConversation
                0x08000318                addMessageToConversation
                0x08000360                triggered
                0x080003d4                setConvVals
                0x08000444                runConversations
                0x08000790                createAllConversations
 .text.startup  0x08000ad4      0x47c main.o
                0x08000ad4                main
 .text          0x08000f50      0x554 platformer.o
                0x08000f50                print
                0x08000fb0                tileCollision
                0x08001130                movePlayer
 .text          0x080014a4      0x20c soundPlayer.o
                0x080014a4                setUpInturupt
                0x080014d8                enableSound
                0x08001550                setSampleRate
                0x08001598                playSound
                0x08001698                isPlaying
 .text          0x080016b0      0xb14 textBox.o
                0x080016b0                fillLayer
                0x0800171c                clearTextBox
                0x080017d0                clearTextBoxText
                0x0800185c                createTextBox
                0x08001bf0                addTexBoxPicture
                0x08001c90                wordLength
                0x08001d18                renderTextBoxText
                0x080020f4                clearScreen
                0x08002164                renderText
 .text          0x080021c4      0x53c toolbox.o
                0x080021c4                clamp
                0x080021fc                se_index
                0x08002220                oamInit
                0x080022b8                oamCopy
                0x080022f4                bmp16_line
                0x0800250c                bmp16_rect
                0x0800256c                bmp16_frame
                0x08002604                m3_fill
                0x0800262c                m4_fill
                0x080026a4                vid_flip
                0x080026cc                vid_vsync
 .text          0x08002700      0x148 C:/devkitPro/devkitARM/bin/../lib/gcc/arm-none-eabi/16.1.0\libgcc.a(_divsi3.o)
                0x08002700                __divsi3
                0x08002700                __aeabi_idiv
                0x08002828                __aeabi_idivmod
 .text          0x08002848        0x4 C:/devkitPro/devkitARM/bin/../lib/gcc/arm-none-eabi/16.1.0\libgcc.a(_dvmd_tls.o)
                0x08002848                __aeabi_idiv0
                0x08002848                __aeabi_ldiv0
 .text.memcpy   0x0800284c      0x124 C:/devkitPro/devkitARM/bin/../lib/gcc/arm-none-eabi/16.1.0/../../../../arm-none-eabi/lib\libg.a(libc_a-memcpy-stub.o)
                0x0800284c                memcpy
 .text.__libc_init_array
                0x08002970       0x90 C:/devkitPro/devkitARM/bin/../lib/gcc/arm-none-eabi/16.1.0/../../../../arm-none-eabi/lib\libg.a(libc_a-init.o)
                0x08002970                __libc_init_array
 .text.malloc   0x08002a00       0x48 C:/devkitPro/devkitARM/bin/../lib/gcc/arm-none-eabi/16.1.0/../../../../arm-none-eabi/lib\libg.a(libc_a-malloc.o)
                0x08002a00                malloc
 .text._memalign_r
                0x08002a48      0x188 C:/devkitPro/devkitARM/bin/../lib/gcc/arm-none-eabi/16.1.0/../../../../arm-none-eabi/lib\libg.a(libc_a-malignr.o)
                0x08002a48                _memalign_r
 .text._malloc_r
                0x08002bd0      0x804 C:/devkitPro/devkitARM/bin/../lib/gcc/arm-none-eabi/16.1.0/../../../../arm-none-eabi/lib\libg.a(libc_a-mallocr.o)
                0x08002bd0                _malloc_r
 .text._malloc_trim_r
                0x080033d4      0x11c C:/devkitPro/devkitARM/bin/../lib/gcc/arm-none-eabi/16.1.0/../../../../arm-none-eabi/lib\libg.a(libc_a-freer.o)
                0x080033d4                _malloc_trim_r
 .text._free_r  0x080034f0      0x2fc C:/devkitPro/devkitARM/bin/../lib/gcc/arm-none-eabi/16.1.0/../../../../arm-none-eabi/lib\libg.a(libc_a-freer.o)
                0x080034f0                _free_r
 .text.__malloc_lock
                0x080037ec       0x18 C:/devkitPro/devkitARM/bin/../lib/gcc/arm-none-eabi/16.1.0/../../../../arm-none-eabi/lib\libg.a(libc_a-mlock.o)
                0x080037ec                __malloc_lock
 .text.__malloc_unlock
                0x08003804       0x18 C:/devkitPro/devkitARM/bin/../lib/gcc/arm-none-eabi/16.1.0/../../../../arm-none-eabi/lib\libg.a(libc_a-mlock.o)
                0x08003804                __malloc_unlock
 .text.__getreent
                0x0800381c       0x30 C:/devkitPro/devkitARM/bin/../lib/gcc/arm-none-eabi/16.1.0/../../../../arm-none-eabi/lib\libsysbase.a(libsysbase_libsysbase_a-getreent.o)
                0x0800381c                __getreent
 .text._sbrk_r  0x0800384c       0x78 C:/devkitPro/devkitARM/bin/../lib/gcc/arm-none-eabi/16.1.0/../../../../arm-none-eabi/lib\libsysbase.a(libsysbase_libsysbase_a-sbrk.o)
                0x0800384c                _sbrk_r
 .text.__libc_lock_acquire_recursive
                0x080038c4       0x20 C:/devkitPro/devkitARM/bin/../lib/gcc/arm-none-eabi/16.1.0/../../../../arm-none-eabi/lib\libsysbase.a(libsysbase_libsysbase_a-syscall_support.o)
                0x080038c4                __libc_lock_acquire_recursive
 .text.__libc_lock_release_recursive
                0x080038e4       0x20 C:/devkitPro/devkitARM/bin/../lib/gcc/arm-none-eabi/16.1.0/../../../../arm-none-eabi/lib\libsysbase.a(libsysbase_libsysbase_a-syscall_support.o)
                0x080038e4                __libc_lock_release_recursive
 .text          0x08003904      0x114 C:/devkitPro/devkitARM/bin/../lib/gcc/arm-none-eabi/16.1.0\libgcc.a(_udivsi3.o)
                0x08003904                __aeabi_uidiv
                0x08003904                __udivsi3
                0x080039f8                __aeabi_uidivmod
 *(.gnu.linkonce.t.*)
 *(.text.*personality*)
 *(.gnu.warning)
 *(.glue_7t)
 .glue_7t       0x08003a18        0x0 linker stubs
 *(.glue_7)
 .glue_7        0x08003a18        0x0 linker stubs
 *(.vfp11_veneer)
 .vfp11_veneer  0x08003a18        0x0 linker stubs
                0x08003a18                        . = ALIGN (0x4)
                0x08003a18                        __text_end = .

.v4_bx          0x08003a18        0x0
 .v4_bx         0x08003a18        0x0 linker stubs

.iplt           0x08003a18        0x0
 .iplt          0x08003a18        0x0 C:/devkitPro/devkitARM/bin/../lib/gcc/arm-none-eabi/16.1.0/../../../../arm-none-eabi/lib/gba_crt0.o

.fini           0x08003a18       0x18
 *(.fini)
 .fini          0x08003a18        0xc C:/devkitPro/devkitARM/bin/../lib/gcc/arm-none-eabi/16.1.0/crti.o
                0x08003a18                _fini
 .fini          0x08003a24        0xc C:/devkitPro/devkitARM/bin/../lib/gcc/arm-none-eabi/16.1.0/crtn.o
                0x08003a30                        . = ALIGN (0x4)

.rodata         0x08003a30     0xaf14
 *(.rodata)
 .rodata        0x08003a30       0x78 main.o
 .rodata        0x08003aa8       0x21 textBox.o
 *fill*         0x08003ac9        0x3 ff
 .rodata        0x08003acc     0x542e ELECZap_InternalFault2_freesound_abw.o
                0x08003acc                ELECZap_InternalFault
 *fill*         0x08008efa        0x2 ff
 .rodata        0x08008efc      0xd0f jump.o
                0x08008efc                SFX_jump
 *fill*         0x08009c0b        0x1 ff
 .rodata        0x08009c0c      0x9cc landing.o
                0x08009c0c                SFX_landing
 .rodata        0x0800a5d8       0x16 typing.o
                0x0800a5d8                SFX_typing
 *fill*         0x0800a5ee        0x2 ff
 .rodata        0x0800a5f0      0x980 headshots.o
                0x0800a5f0                GFX_headshots
                0x0800af50                GFX_headshots_palette
 .rodata        0x0800af70       0xe0 sadSlime.o
                0x0800af70                GFX_sadSlime
                0x0800aff0                GFX_sadSlime_palette
 .rodata        0x0800b050     0x1020 font.o
                0x0800b050                TIL_font
                0x0800c050                TIL_font_palette
 .rodata        0x0800c070      0x240 sand2.o
                0x0800c070                TIL_sand2
                0x0800c290                TIL_sand2_palette
 .rodata        0x0800c2b0     0x2000 map64x64.o
                0x0800c2b0                MAP_64x64
 *all.rodata*(*)
 *(.roda)
 *(.rodata.*)
 .rodata.str1.4
                0x0800e2b0      0x691 conversation.o
                                0x5fe (size before relaxing)
 .rodata.str1.4
                0x0800e941        0x0 main.o
                                 0x8d (size before relaxing)
 *(.gnu.linkonce.r*)
                0x0800e944                        . = ALIGN (0x4)
 *fill*         0x0800e941        0x3 ff

.ARM.extab
 *(.ARM.extab* .gnu.linkonce.armextab.*)
                0x0800e944                        __exidx_start = .

.ARM.exidx
 *(.ARM.exidx* .gnu.linkonce.armexidx.*)
                0x0800e944                        __exidx_end = .

.ctors          0x0800e944        0x0
 *crtbegin.o(.ctors)
 *(EXCLUDE_FILE(*crtend.o) .ctors)
 *(SORT_BY_NAME(.ctors.*))
 *(.ctors)
                0x0800e944                        . = ALIGN (0x4)

.dtors          0x0800e944        0x0
 *crtbegin.o(.dtors)
 *(EXCLUDE_FILE(*crtend.o) .dtors)
 *(SORT_BY_NAME(.dtors.*))
 *(.dtors)
                0x0800e944                        . = ALIGN (0x4)

.eh_frame       0x0800e944        0x4
 *(.eh_frame)
 .eh_frame      0x0800e944        0x0 C:/devkitPro/devkitARM/bin/../lib/gcc/arm-none-eabi/16.1.0/crtbegin.o
 .eh_frame      0x0800e944        0x4 C:/devkitPro/devkitARM/bin/../lib/gcc/arm-none-eabi/16.1.0/crtend.o
                0x0800e948                        . = ALIGN (0x4)

.gcc_except_table
                0x0800e948        0x0
 *(.gcc_except_table)
                0x0800e948                        . = ALIGN (0x4)
                0x0800e948                        __iwram_lma = .

.iwram          0x03000000      0x10c load address 0x0800e948
                0x03000000                        __iwram_start__ = ABSOLUTE (.)
 *(.iwram .iwram*)
 .iwram         0x03000000      0x10c soundPlayer.o
                0x03000000                timerInturupt
 *iwram.*(.text* .data*)
                0x0300010c                        . = ALIGN (0x4)
                0x0300010c                        __iwram_end__ = ABSOLUTE (.)
                0x0800ea54                        __data_lma = (__iwram_lma + SIZEOF (.iwram))

.bss            0x0300010c     0x1074
                0x0300010c                        __bss_start = ABSOLUTE (.)
                0x0300010c                        __bss_start__ = ABSOLUTE (.)
 *(.dynbss)
 *(.gnu.linkonce.b*)
 *(.bss*)
 .bss.completed.1
                0x0300010c        0x1 C:/devkitPro/devkitARM/bin/../lib/gcc/arm-none-eabi/16.1.0/crtbegin.o
 *fill*         0x0300010d        0x3 
 .bss.object.0  0x03000110       0x18 C:/devkitPro/devkitARM/bin/../lib/gcc/arm-none-eabi/16.1.0/crtbegin.o
 .bss           0x03000128      0xa64 conversation.o
                0x03000128                __all_convs
                0x03000a88                __conv_vars
                0x03000b88                __message_displayed
 .bss           0x03000b8c      0x408 main.o
                0x03000b8c                __screen_x
                0x03000b90                __screen_y
                0x03000b94                obj_buffer
 .bss           0x03000f94       0x34 textBox.o
                0x03000f94                __text_boX
                0x03000f98                __text_boY
                0x03000f9c                __text_boW
                0x03000fa0                __text_boH
                0x03000fa4                __text_areX
                0x03000fa8                __text_areY
                0x03000fac                __text_areW
                0x03000fb0                __text_areH
                0x03000fb4                __cursor
                0x03000fb8                __screX
                0x03000fbc                __screY
                0x03000fc0                __text
                0x03000fc4                __player_name_i
 .bss           0x03000fc8        0x4 toolbox.o
                0x03000fc8                __key_curr
                0x03000fca                __key_prev
 .bss.__malloc_current_mallinfo
                0x03000fcc       0x28 C:/devkitPro/devkitARM/bin/../lib/gcc/arm-none-eabi/16.1.0/../../../../arm-none-eabi/lib\libg.a(libc_a-mallocr.o)
                0x03000fcc                __malloc_current_mallinfo
 .bss.__malloc_max_total_mem
                0x03000ff4        0x4 C:/devkitPro/devkitARM/bin/../lib/gcc/arm-none-eabi/16.1.0/../../../../arm-none-eabi/lib\libg.a(libc_a-mallocr.o)
                0x03000ff4                __malloc_max_total_mem
 .bss.__malloc_max_sbrked_mem
                0x03000ff8        0x4 C:/devkitPro/devkitARM/bin/../lib/gcc/arm-none-eabi/16.1.0/../../../../arm-none-eabi/lib\libg.a(libc_a-mallocr.o)
                0x03000ff8                __malloc_max_sbrked_mem
 .bss.__malloc_top_pad
                0x03000ffc        0x4 C:/devkitPro/devkitARM/bin/../lib/gcc/arm-none-eabi/16.1.0/../../../../arm-none-eabi/lib\libg.a(libc_a-mallocr.o)
                0x03000ffc                __malloc_top_pad
 .bss.__malloc_recursive_mutex
                0x03001000        0xc C:/devkitPro/devkitARM/bin/../lib/gcc/arm-none-eabi/16.1.0/../../../../arm-none-eabi/lib\libg.a(libc_a-mlock.o)
 .bss.fake_heap_start
                0x0300100c        0x4 C:/devkitPro/devkitARM/bin/../lib/gcc/arm-none-eabi/16.1.0/../../../../arm-none-eabi/lib\libsysbase.a(libsysbase_libsysbase_a-malloc_vars.o)
                0x0300100c                fake_heap_start
 .bss.fake_heap_end
                0x03001010        0x4 C:/devkitPro/devkitARM/bin/../lib/gcc/arm-none-eabi/16.1.0/../../../../arm-none-eabi/lib\libsysbase.a(libsysbase_libsysbase_a-malloc_vars.o)
                0x03001010                fake_heap_end
 .bss.heap_start.0
                0x03001014        0x4 C:/devkitPro/devkitARM/bin/../lib/gcc/arm-none-eabi/16.1.0/../../../../arm-none-eabi/lib\libsysbase.a(libsysbase_libsysbase_a-sbrk.o)
 .bss.__sf      0x03001018      0x168 C:/devkitPro/devkitARM/bin/../lib/gcc/arm-none-eabi/16.1.0/../../../../arm-none-eabi/lib\libg.a(libc_a-findfp.o)
                0x03001018                __sf
 *(COMMON)
                0x03001180                        . = ALIGN (0x4)
                0x03001180                        __bss_end__ = ABSOLUTE (.)

.data           0x03001180      0x660 load address 0x0800ea54
                0x03001180                        __data_start__ = ABSOLUTE (.)
 *(.data*)
 .data          0x03001180        0x4 conversation.o
                0x03001180                __running_conv
 .data          0x03001184       0x28 soundPlayer.o
                0x03001184                __sounds_remain
                0x0300118c                __sounds_dma_ctrl
                0x03001194                __sounds_dma_sorc
                0x0300119c                __sounds_dma_dest
                0x030011a4                __sounds_fifo
 .data          0x030011ac       0x13 textBox.o
                0x030011ac                __se_index
                0x030011b0                __player_name_len
                0x030011b4                __player_name
 *fill*         0x030011bf        0x1 ff
 .data          0x030011c0        0x4 toolbox.o
                0x030011c0                vid_page
 .data.__malloc_sbrk_base
                0x030011c4        0x4 C:/devkitPro/devkitARM/bin/../lib/gcc/arm-none-eabi/16.1.0/../../../../arm-none-eabi/lib\libg.a(libc_a-mallocr.o)
                0x030011c4                __malloc_sbrk_base
 .data.__malloc_trim_threshold
                0x030011c8        0x4 C:/devkitPro/devkitARM/bin/../lib/gcc/arm-none-eabi/16.1.0/../../../../arm-none-eabi/lib\libg.a(libc_a-mallocr.o)
                0x030011c8                __malloc_trim_threshold
 *fill*         0x030011cc        0x4 ff
 .data.__malloc_av_
                0x030011d0      0x408 C:/devkitPro/devkitARM/bin/../lib/gcc/arm-none-eabi/16.1.0/../../../../arm-none-eabi/lib\libg.a(libc_a-mallocr.o)
                0x030011d0                __malloc_av_
 .data._impure_ptr
                0x030015d8        0x4 C:/devkitPro/devkitARM/bin/../lib/gcc/arm-none-eabi/16.1.0/../../../../arm-none-eabi/lib\libg.a(libc_a-impure.o)
                0x030015d8                _impure_ptr
 *fill*         0x030015dc        0x4 ff
 .data._impure_data
                0x030015e0      0x200 C:/devkitPro/devkitARM/bin/../lib/gcc/arm-none-eabi/16.1.0/../../../../arm-none-eabi/lib\libg.a(libc_a-impure.o)
                0x030015e0                _impure_data
 *(.gnu.linkonce.d*)
                0x030017e0                        . = ALIGN (0x4)
                0x0800f0b4                        __preinit_lma = (__data_lma + SIZEOF (.data))

.igot.plt       0x030017e0        0x0 load address 0x0800f0b4
 .igot.plt      0x030017e0        0x0 C:/devkitPro/devkitARM/bin/../lib/gcc/arm-none-eabi/16.1.0/../../../../arm-none-eabi/lib/gba_crt0.o

.preinit_array  0x030017e0        0x0 load address 0x0800f0b4
                0x030017e0                        __preinit_array_start = ABSOLUTE (.)
 *(.preinit_array)
                0x030017e0                        __preinit_array_end = ABSOLUTE (.)
                0x0800f0b4                        __init_lma = (__preinit_lma + SIZEOF (.preinit_array))

.init_array     0x030017e0        0x4 load address 0x0800f0b4
                0x030017e0                        __init_array_start = ABSOLUTE (.)
 *(SORT_BY_NAME(.init_array.*))
 *(.init_array)
 .init_array    0x030017e0        0x4 C:/devkitPro/devkitARM/bin/../lib/gcc/arm-none-eabi/16.1.0/crtbegin.o
                0x030017e4                        __init_array_end = ABSOLUTE (.)
                0x0800f0b8                        __fini_lma = (__init_lma + SIZEOF (.init_array))

.fini_array     0x030017e4        0x4 load address 0x0800f0b8
                0x030017e4                        __fini_array_start = ABSOLUTE (.)
 *(SORT_BY_NAME(.fini_array.*))
 *(.fini_array)
 .fini_array    0x030017e4        0x4 C:/devkitPro/devkitARM/bin/../lib/gcc/arm-none-eabi/16.1.0/crtbegin.o
                0x030017e8                        __fini_array_end = ABSOLUTE (.)
                0x0800f0bc                        __jcr_lma = (__fini_lma + SIZEOF (.fini_array))

.jcr
 *(.jcr)
                0x030017e8                        __data_end__ = ABSOLUTE (.)
                0x0800f0bc                        __iwram_overlay_lma = (__jcr_lma + SIZEOF (.jcr))
                0x030017e8                        __iwram_overlay_start = .

.iwram0         0x030017e8        0x0 load address 0x0800f0bc
 *(.iwram0)
                0x030017e8                        . = ALIGN (0x4)
                0x0800f0bc                        PROVIDE (__load_start_iwram0 = LOADADDR (.iwram0))
                0x0800f0bc                        PROVIDE (__load_stop_iwram0 = (LOADADDR (.iwram0) + SIZEOF (.iwram0)))

.iwram1         0x030017e8        0x0
 *(.iwram1)
                0x030017e8                        . = ALIGN (0x4)
                [!provide]                        PROVIDE (__load_start_iwram1 = LOADADDR (.iwram1))
                [!provide]                        PROVIDE (__load_stop_iwram1 = (LOADADDR (.iwram1) + SIZEOF (.iwram1)))

.iwram2         0x030017e8        0x0
 *(.iwram2)
                0x030017e8                        . = ALIGN (0x4)
                [!provide]                        PROVIDE (__load_start_iwram2 = LOADADDR (.iwram2))
                [!provide]                        PROVIDE (__load_stop_iwram2 = (LOADADDR (.iwram2) + SIZEOF (.iwram2)))

.iwram3         0x030017e8        0x0
 *(.iwram3)
                0x030017e8                        . = ALIGN (0x4)
                [!provide]                        PROVIDE (__load_start_iwram3 = LOADADDR (.iwram3))
                [!provide]                        PROVIDE (__load_stop_iwram3 = (LOADADDR (.iwram3) + SIZEOF (.iwram3)))

.iwram4         0x030017e8        0x0
 *(.iwram4)
                0x030017e8                        . = ALIGN (0x4)
                [!provide]                        PROVIDE (__load_start_iwram4 = LOADADDR (.iwram4))
                [!provide]                        PROVIDE (__load_stop_iwram4 = (LOADADDR (.iwram4) + SIZEOF (.iwram4)))

.iwram5         0x030017e8        0x0
 *(.iwram5)
                0x030017e8                        . = ALIGN (0x4)
                [!provide]                        PROVIDE (__load_start_iwram5 = LOADADDR (.iwram5))
                [!provide]                        PROVIDE (__load_stop_iwram5 = (LOADADDR (.iwram5) + SIZEOF (.iwram5)))

.iwram6         0x030017e8        0x0
 *(.iwram6)
                0x030017e8                        . = ALIGN (0x4)
                [!provide]                        PROVIDE (__load_start_iwram6 = LOADADDR (.iwram6))
                [!provide]                        PROVIDE (__load_stop_iwram6 = (LOADADDR (.iwram6) + SIZEOF (.iwram6)))

.iwram7         0x030017e8        0x0
 *(.iwram7)
                0x030017e8                        . = ALIGN (0x4)
                [!provide]                        PROVIDE (__load_start_iwram7 = LOADADDR (.iwram7))
                [!provide]                        PROVIDE (__load_stop_iwram7 = (LOADADDR (.iwram7) + SIZEOF (.iwram7)))

.iwram8         0x030017e8        0x0
 *(.iwram8)
                0x030017e8                        . = ALIGN (0x4)
                [!provide]                        PROVIDE (__load_start_iwram8 = LOADADDR (.iwram8))
                [!provide]                        PROVIDE (__load_stop_iwram8 = (LOADADDR (.iwram8) + SIZEOF (.iwram8)))

.iwram9         0x030017e8        0x0
 *(.iwram9)
                0x030017e8                        . = ALIGN (0x4)
                [!provide]                        PROVIDE (__load_start_iwram9 = LOADADDR (.iwram9))
                [!provide]                        PROVIDE (__load_stop_iwram9 = (LOADADDR (.iwram9) + SIZEOF (.iwram9)))
                0x030017e8                        __iwram_overlay_end = .
                0x0800f0bc                        __ewram_lma = (__iwram_overlay_lma + (__iwram_overlay_end - __iwram_overlay_start))
                0x030017e8                        __iheap_start = .
                0x02000000                        __ewram_start = ORIGIN (ewram)

.ewram          0x02000000        0x0 load address 0x0800f0bc
 *(.ewram*)
                0x02000000                        . = ALIGN (0x4)
                0x02000000                        __ewram_end = ABSOLUTE (.)
                0x0800f0bc                        __pad_lma = (__ewram_lma + SIZEOF (.ewram))

.sbss           0x02000000        0x0
                0x02000000                        __sbss_start__ = ABSOLUTE (.)
 *(.sbss*)
                0x02000000                        . = ALIGN (0x4)
                0x02000000                        __sbss_end__ = ABSOLUTE (.)
                0x02000000                        __end__ = ABSOLUTE (.)
                0x02000000                        __eheap_start = ABSOLUTE (.)

.pad            0x02000000        0x8 load address 0x0800f0bc
                0x02000000        0x4 LONG 0x52416b64
                0x02000004        0x4 LONG 0x4d
                0x02000008                        . = ALIGN (0x4)
                0x0800f0c4                        __rom_end__ = (__pad_lma + SIZEOF (.pad))

.rel.dyn        0x02000008        0x0 load address 0x0800f0c4
 .rel.iplt      0x02000008        0x0 C:/devkitPro/devkitARM/bin/../lib/gcc/arm-none-eabi/16.1.0/../../../../arm-none-eabi/lib/gba_crt0.o

.stab
 *(.stab)

.stabstr
 *(.stabstr)

.stab.excl
 *(.stab.excl)

.stab.exclstr
 *(.stab.exclstr)

.stab.index
 *(.stab.index)

.stab.indexstr
 *(.stab.indexstr)

.comment        0x00000000       0x18
 *(.comment)
 .comment       0x00000000       0x18 C:/devkitPro/devkitARM/bin/../lib/gcc/arm-none-eabi/16.1.0/crtbegin.o
                                 0x19 (size before relaxing)
 .comment       0x00000018        0x0 conversation.o
                                 0x19 (size before relaxing)
 .comment       0x00000018        0x0 main.o
                                 0x19 (size before relaxing)
 .comment       0x00000018        0x0 platformer.o
                                 0x19 (size before relaxing)
 .comment       0x00000018        0x0 soundPlayer.o
                                 0x19 (size before relaxing)
 .comment       0x00000018        0x0 textBox.o
                                 0x19 (size before relaxing)
 .comment       0x00000018        0x0 toolbox.o
                                 0x19 (size before relaxing)
 .comment       0x00000018        0x0 ELECZap_InternalFault2_freesound_abw.o
                                 0x19 (size before relaxing)
 .comment       0x00000018        0x0 jump.o
                                 0x19 (size before relaxing)
 .comment       0x00000018        0x0 landing.o
                                 0x19 (size before relaxing)
 .comment       0x00000018        0x0 typing.o
                                 0x19 (size before relaxing)
 .comment       0x00000018        0x0 headshots.o
                                 0x19 (size before relaxing)
 .comment       0x00000018        0x0 sadSlime.o
                                 0x19 (size before relaxing)
 .comment       0x00000018        0x0 font.o
                                 0x19 (size before relaxing)
 .comment       0x00000018        0x0 sand2.o
                                 0x19 (size before relaxing)
 .comment       0x00000018        0x0 map64x64.o
                                 0x19 (size before relaxing)
 .comment       0x00000018        0x0 C:/devkitPro/devkitARM/bin/../lib/gcc/arm-none-eabi/16.1.0/crtend.o
                                 0x19 (size before relaxing)

.debug
 *(.debug)

.line
 *(.line)

.debug_srcinfo
 *(.debug_srcinfo)

.debug_sfnames
 *(.debug_sfnames)

.debug_aranges  0x00000000      0x208
 *(.debug_aranges)
 .debug_aranges
                0x00000000       0x20 conversation.o
 .debug_aranges
                0x00000020       0x28 main.o
 .debug_aranges
                0x00000048       0x20 platformer.o
 .debug_aranges
                0x00000068       0x28 soundPlayer.o
 .debug_aranges
                0x00000090       0x20 textBox.o
 .debug_aranges
                0x000000b0       0x20 toolbox.o
 .debug_aranges
                0x000000d0       0x18 ELECZap_InternalFault2_freesound_abw.o
 .debug_aranges
                0x000000e8       0x18 jump.o
 .debug_aranges
                0x00000100       0x18 landing.o
 .debug_aranges
                0x00000118       0x18 typing.o
 .debug_aranges
                0x00000130       0x18 headshots.o
 .debug_aranges
                0x00000148       0x18 sadSlime.o
 .debug_aranges
                0x00000160       0x18 font.o
 .debug_aranges
                0x00000178       0x18 sand2.o
 .debug_aranges
                0x00000190       0x18 map64x64.o
 .debug_aranges
                0x000001a8       0x20 C:/devkitPro/devkitARM/bin/../lib/gcc/arm-none-eabi/16.1.0\libgcc.a(_divsi3.o)
 .debug_aranges
                0x000001c8       0x20 C:/devkitPro/devkitARM/bin/../lib/gcc/arm-none-eabi/16.1.0\libgcc.a(_dvmd_tls.o)
 .debug_aranges
                0x000001e8       0x20 C:/devkitPro/devkitARM/bin/../lib/gcc/arm-none-eabi/16.1.0\libgcc.a(_udivsi3.o)

.debug_pubnames
 *(.debug_pubnames)

.debug_info     0x00000000     0x3f79
 *(.debug_info)
 .debug_info    0x00000000      0xfaf conversation.o
 .debug_info    0x00000faf     0x10a4 main.o
 .debug_info    0x00002053      0x596 platformer.o
 .debug_info    0x000025e9      0x2df soundPlayer.o
 .debug_info    0x000028c8      0xa0f textBox.o
 .debug_info    0x000032d7      0x774 toolbox.o
 .debug_info    0x00003a4b       0x67 ELECZap_InternalFault2_freesound_abw.o
 .debug_info    0x00003ab2       0x67 jump.o
 .debug_info    0x00003b19       0x67 landing.o
 .debug_info    0x00003b80       0x66 typing.o
 .debug_info    0x00003be6       0x9a headshots.o
 .debug_info    0x00003c80       0x9b sadSlime.o
 .debug_info    0x00003d1b       0x9c font.o
 .debug_info    0x00003db7       0x9c sand2.o
 .debug_info    0x00003e53       0x6e map64x64.o
 .debug_info    0x00003ec1       0x3e C:/devkitPro/devkitARM/bin/../lib/gcc/arm-none-eabi/16.1.0\libgcc.a(_divsi3.o)
 .debug_info    0x00003eff       0x3c C:/devkitPro/devkitARM/bin/../lib/gcc/arm-none-eabi/16.1.0\libgcc.a(_dvmd_tls.o)
 .debug_info    0x00003f3b       0x3e C:/devkitPro/devkitARM/bin/../lib/gcc/arm-none-eabi/16.1.0\libgcc.a(_udivsi3.o)

.debug_abbrev   0x00000000     0x14f9
 *(.debug_abbrev)
 .debug_abbrev  0x00000000      0x2fc conversation.o
 .debug_abbrev  0x000002fc      0x40a main.o
 .debug_abbrev  0x00000706      0x2aa platformer.o
 .debug_abbrev  0x000009b0      0x190 soundPlayer.o
 .debug_abbrev  0x00000b40      0x393 textBox.o
 .debug_abbrev  0x00000ed3      0x24c toolbox.o
 .debug_abbrev  0x0000111f       0x5c ELECZap_InternalFault2_freesound_abw.o
 .debug_abbrev  0x0000117b       0x5c jump.o
 .debug_abbrev  0x000011d7       0x5c landing.o
 .debug_abbrev  0x00001233       0x5c typing.o
 .debug_abbrev  0x0000128f       0x69 headshots.o
 .debug_abbrev  0x000012f8       0x5f sadSlime.o
 .debug_abbrev  0x00001357       0x68 font.o
 .debug_abbrev  0x000013bf       0x68 sand2.o
 .debug_abbrev  0x00001427       0x5c map64x64.o
 .debug_abbrev  0x00001483       0x28 C:/devkitPro/devkitARM/bin/../lib/gcc/arm-none-eabi/16.1.0\libgcc.a(_divsi3.o)
 .debug_abbrev  0x000014ab       0x26 C:/devkitPro/devkitARM/bin/../lib/gcc/arm-none-eabi/16.1.0\libgcc.a(_dvmd_tls.o)
 .debug_abbrev  0x000014d1       0x28 C:/devkitPro/devkitARM/bin/../lib/gcc/arm-none-eabi/16.1.0\libgcc.a(_udivsi3.o)

.debug_line     0x00000000     0x41dc
 *(.debug_line)
 .debug_line    0x00000000      0x979 conversation.o
 .debug_line    0x00000979      0xd95 main.o
 .debug_line    0x0000170e      0x5e0 platformer.o
 .debug_line    0x00001cee      0x381 soundPlayer.o
 .debug_line    0x0000206f     0x11e0 textBox.o
 .debug_line    0x0000324f      0x8e6 toolbox.o
 .debug_line    0x00003b35       0xb6 ELECZap_InternalFault2_freesound_abw.o
 .debug_line    0x00003beb       0x96 jump.o
 .debug_line    0x00003c81       0x99 landing.o
 .debug_line    0x00003d1a       0x98 typing.o
 .debug_line    0x00003db2       0x9d headshots.o
 .debug_line    0x00003e4f       0x9c sadSlime.o
 .debug_line    0x00003eeb       0x98 font.o
 .debug_line    0x00003f83       0x99 sand2.o
 .debug_line    0x0000401c       0x9c map64x64.o
 .debug_line    0x000040b8       0x73 C:/devkitPro/devkitARM/bin/../lib/gcc/arm-none-eabi/16.1.0\libgcc.a(_divsi3.o)
 .debug_line    0x0000412b       0x4a C:/devkitPro/devkitARM/bin/../lib/gcc/arm-none-eabi/16.1.0\libgcc.a(_dvmd_tls.o)
 .debug_line    0x00004175       0x67 C:/devkitPro/devkitARM/bin/../lib/gcc/arm-none-eabi/16.1.0\libgcc.a(_udivsi3.o)

.debug_frame    0x00000000      0x620
 *(.debug_frame)
 .debug_frame   0x00000000       0xd4 conversation.o
 .debug_frame   0x000000d4      0x11c main.o
 .debug_frame   0x000001f0       0x9c platformer.o
 .debug_frame   0x0000028c       0xb4 soundPlayer.o
 .debug_frame   0x00000340      0x160 textBox.o
 .debug_frame   0x000004a0      0x140 toolbox.o
 .debug_frame   0x000005e0       0x20 C:/devkitPro/devkitARM/bin/../lib/gcc/arm-none-eabi/16.1.0\libgcc.a(_divsi3.o)
 .debug_frame   0x00000600       0x20 C:/devkitPro/devkitARM/bin/../lib/gcc/arm-none-eabi/16.1.0\libgcc.a(_udivsi3.o)

.debug_str      0x00000000      0xd58
 *(.debug_str)
 .debug_str     0x00000000      0xd58 conversation.o
                                0x336 (size before relaxing)
 .debug_str     0x00000d58        0x0 main.o
                                0x516 (size before relaxing)
 .debug_str     0x00000d58        0x0 platformer.o
                                0x272 (size before relaxing)
 .debug_str     0x00000d58        0x0 soundPlayer.o
                                0x264 (size before relaxing)
 .debug_str     0x00000d58        0x0 textBox.o
                                0x32a (size before relaxing)
 .debug_str     0x00000d58        0x0 toolbox.o
                                0x22c (size before relaxing)
 .debug_str     0x00000d58        0x0 ELECZap_InternalFault2_freesound_abw.o
                                0x141 (size before relaxing)
 .debug_str     0x00000d58        0x0 jump.o
                                0x114 (size before relaxing)
 .debug_str     0x00000d58        0x0 landing.o
                                0x11a (size before relaxing)
 .debug_str     0x00000d58        0x0 typing.o
                                0x118 (size before relaxing)
 .debug_str     0x00000d58        0x0 headshots.o
                                0x149 (size before relaxing)
 .debug_str     0x00000d58        0x0 sadSlime.o
                                0x146 (size before relaxing)
 .debug_str     0x00000d58        0x0 font.o
                                0x13a (size before relaxing)
 .debug_str     0x00000d58        0x0 sand2.o
                                0x13d (size before relaxing)
 .debug_str     0x00000d58        0x0 map64x64.o
                                0x12e (size before relaxing)
 .debug_str     0x00000d58        0x0 C:/devkitPro/devkitARM/bin/../lib/gcc/arm-none-eabi/16.1.0\libgcc.a(_divsi3.o)
                                 0xee (size before relaxing)
 .debug_str     0x00000d58        0x0 C:/devkitPro/devkitARM/bin/../lib/gcc/arm-none-eabi/16.1.0\libgcc.a(_dvmd_tls.o)
                                 0xf1 (size before relaxing)
 .debug_str     0x00000d58        0x0 C:/devkitPro/devkitARM/bin/../lib/gcc/arm-none-eabi/16.1.0\libgcc.a(_udivsi3.o)
                                 0xf0 (size before relaxing)

.debug_loc
 *(.debug_loc)

.debug_macinfo
 *(.debug_macinfo)

.debug_weaknames
 *(.debug_weaknames)

.debug_funcnames
 *(.debug_funcnames)

.debug_typenames
 *(.debug_typenames)

.debug_varnames
 *(.debug_varnames)

.stack          0x00080000        0x0
                0x00080000                        _stack = .
 *(.stack)

.note.gnu.arm.ident
 *(.note.gnu.arm.ident)

.ARM.attributes
                0x00000000       0x2c
 *(.ARM.attributes)
 .ARM.attributes
                0x00000000       0x20 C:/devkitPro/devkitARM/bin/../lib/gcc/arm-none-eabi/16.1.0/../../../../arm-none-eabi/lib/gba_crt0.o
 .ARM.attributes
                0x00000020       0x1c C:/devkitPro/devkitARM/bin/../lib/gcc/arm-none-eabi/16.1.0/crti.o
 .ARM.attributes
                0x0000003c       0x2a C:/devkitPro/devkitARM/bin/../lib/gcc/arm-none-eabi/16.1.0/crtbegin.o
 .ARM.attributes
                0x00000066       0x26 conversation.o
 .ARM.attributes
                0x0000008c       0x26 main.o
 .ARM.attributes
                0x000000b2       0x26 platformer.o
 .ARM.attributes
                0x000000d8       0x26 soundPlayer.o
 .ARM.attributes
                0x000000fe       0x26 textBox.o
 .ARM.attributes
                0x00000124       0x26 toolbox.o
 .ARM.attributes
                0x0000014a       0x26 AMBTown_OldCitySounds_mix_alex_jouk_freesound.o
 .ARM.attributes
                0x00000170       0x26 BEEPMed_HeartMonitor_fadingembersaudio.o
 .ARM.attributes
                0x00000196       0x26 CRWDApls_SmallCrowd_miraclei.o
 .ARM.attributes
                0x000001bc       0x26 DOORGate_CastleGate_freesound_comunity.o
 .ARM.attributes
                0x000001e2       0x26 ELECZap_InternalFault2_freesound_abw.o
 .ARM.attributes
                0x00000208       0x26 FEETHmn_Bootstep.o
 .ARM.attributes
                0x0000022e       0x26 FGHTBf_Tackled_abw.o
 .ARM.attributes
                0x00000254       0x26 HMNBrth_DyingGasp.o
 .ARM.attributes
                0x0000027a       0x26 HMNBrth_KickedGasp_abw.o
 .ARM.attributes
                0x000002a0       0x26 HMNBrth_LaboredBreathing_freesound_comunity.o
 .ARM.attributes
                0x000002c6       0x26 HMNSnor_Snoring_abw.o
 .ARM.attributes
                0x000002ec       0x26 METLFric_CreakingMetal.o
 .ARM.attributes
                0x00000312       0x26 MUSCSong_BlueSkies_abw.o
 .ARM.attributes
                0x00000338       0x26 MUSCSong_MetalDrum_abw.o
 .ARM.attributes
                0x0000035e       0x26 MUSCSong_StolenPiano_abw.o
 .ARM.attributes
                0x00000384       0x26 OBJCoin_CoinJingle_abw.o
 .ARM.attributes
                0x000003aa       0x26 PLASImpt_DroppedDisc_abw.o
 .ARM.attributes
                0x000003d0       0x26 WEAPSwrd_SwordDrawn.o
 .ARM.attributes
                0x000003f6       0x26 jump.o
 .ARM.attributes
                0x0000041c       0x26 landing.o
 .ARM.attributes
                0x00000442       0x26 typing.o
 .ARM.attributes
                0x00000468       0x26 headshots.o
 .ARM.attributes
                0x0000048e       0x26 sadSlime.o
 .ARM.attributes
                0x000004b4       0x26 font.o
 .ARM.attributes
                0x000004da       0x26 sand.o
 .ARM.attributes
                0x00000500       0x26 sand2.o
 .ARM.attributes
                0x00000526       0x26 map.o
 .ARM.attributes
                0x0000054c       0x26 map64x64.o
 .ARM.attributes
                0x00000572       0x1c C:/devkitPro/devkitARM/bin/../lib/gcc/arm-none-eabi/16.1.0\libgcc.a(_divsi3.o)
 .ARM.attributes
                0x0000058e       0x1c C:/devkitPro/devkitARM/bin/../lib/gcc/arm-none-eabi/16.1.0\libgcc.a(_dvmd_tls.o)
 .ARM.attributes
                0x000005aa       0x1c C:/devkitPro/devkitARM/bin/../lib/gcc/arm-none-eabi/16.1.0\libgcc.a(_sync_none.o)
 .ARM.attributes
                0x000005c6       0x2a C:/devkitPro/devkitARM/bin/../lib/gcc/arm-none-eabi/16.1.0/../../../../arm-none-eabi/lib\libg.a(libc_a-memcpy-stub.o)
 .ARM.attributes
                0x000005f0       0x2a C:/devkitPro/devkitARM/bin/../lib/gcc/arm-none-eabi/16.1.0/../../../../arm-none-eabi/lib\libg.a(libc_a-init.o)
 .ARM.attributes
                0x0000061a       0x2a C:/devkitPro/devkitARM/bin/../lib/gcc/arm-none-eabi/16.1.0/../../../../arm-none-eabi/lib\libg.a(libc_a-malloc.o)
 .ARM.attributes
                0x00000644       0x2a C:/devkitPro/devkitARM/bin/../lib/gcc/arm-none-eabi/16.1.0/../../../../arm-none-eabi/lib\libg.a(libc_a-malignr.o)
 .ARM.attributes
                0x0000066e       0x2a C:/devkitPro/devkitARM/bin/../lib/gcc/arm-none-eabi/16.1.0/../../../../arm-none-eabi/lib\libg.a(libc_a-mallocr.o)
 .ARM.attributes
                0x00000698       0x2a C:/devkitPro/devkitARM/bin/../lib/gcc/arm-none-eabi/16.1.0/../../../../arm-none-eabi/lib\libg.a(libc_a-freer.o)
 .ARM.attributes
                0x000006c2       0x2a C:/devkitPro/devkitARM/bin/../lib/gcc/arm-none-eabi/16.1.0/../../../../arm-none-eabi/lib\libg.a(libc_a-mlock.o)
 .ARM.attributes
                0x000006ec       0x2a C:/devkitPro/devkitARM/bin/../lib/gcc/arm-none-eabi/16.1.0/../../../../arm-none-eabi/lib\libsysbase.a(libsysbase_libsysbase_a-getreent.o)
 .ARM.attributes
                0x00000716       0x2a C:/devkitPro/devkitARM/bin/../lib/gcc/arm-none-eabi/16.1.0/../../../../arm-none-eabi/lib\libsysbase.a(libsysbase_libsysbase_a-malloc_vars.o)
 .ARM.attributes
                0x00000740       0x2a C:/devkitPro/devkitARM/bin/../lib/gcc/arm-none-eabi/16.1.0/../../../../arm-none-eabi/lib\libsysbase.a(libsysbase_libsysbase_a-sbrk.o)
 .ARM.attributes
                0x0000076a       0x2a C:/devkitPro/devkitARM/bin/../lib/gcc/arm-none-eabi/16.1.0/../../../../arm-none-eabi/lib\libsysbase.a(libsysbase_libsysbase_a-syscall_support.o)
 .ARM.attributes
                0x00000794       0x2a C:/devkitPro/devkitARM/bin/../lib/gcc/arm-none-eabi/16.1.0/../../../../arm-none-eabi/lib\libsysbase.a(libsysbase_libsysbase_a-clocks.o)
 .ARM.attributes
                0x000007be       0x1c C:/devkitPro/devkitARM/bin/../lib/gcc/arm-none-eabi/16.1.0\libgcc.a(_udivsi3.o)
 .ARM.attributes
                0x000007da       0x2a C:/devkitPro/devkitARM/bin/../lib/gcc/arm-none-eabi/16.1.0/../../../../arm-none-eabi/lib\libg.a(libc_a-impure.o)
 .ARM.attributes
                0x00000804       0x2a C:/devkitPro/devkitARM/bin/../lib/gcc/arm-none-eabi/16.1.0/../../../../arm-none-eabi/lib\libg.a(libc_a-errno.o)
 .ARM.attributes
                0x0000082e       0x2a C:/devkitPro/devkitARM/bin/../lib/gcc/arm-none-eabi/16.1.0/../../../../arm-none-eabi/lib\libg.a(libc_a-findfp.o)
 .ARM.attributes
                0x00000858       0x2a C:/devkitPro/devkitARM/bin/../lib/gcc/arm-none-eabi/16.1.0/../../../../arm-none-eabi/lib\libg.a(libc_a-stdio.o)
 .ARM.attributes
                0x00000882       0x2a C:/devkitPro/devkitARM/bin/../lib/gcc/arm-none-eabi/16.1.0/../../../../arm-none-eabi/lib\libg.a(libc_a-fclose.o)
 .ARM.attributes
                0x000008ac       0x2a C:/devkitPro/devkitARM/bin/../lib/gcc/arm-none-eabi/16.1.0/../../../../arm-none-eabi/lib\libg.a(libc_a-fwalk.o)
 .ARM.attributes
                0x000008d6       0x2a C:/devkitPro/devkitARM/bin/../lib/gcc/arm-none-eabi/16.1.0/../../../../arm-none-eabi/lib\libg.a(libc_a-memset.o)
 .ARM.attributes
                0x00000900       0x2a C:/devkitPro/devkitARM/bin/../lib/gcc/arm-none-eabi/16.1.0/../../../../arm-none-eabi/lib\libg.a(libc_a-fflush.o)
 .ARM.attributes
                0x0000092a       0x2a C:/devkitPro/devkitARM/bin/../lib/gcc/arm-none-eabi/16.1.0/../../../../arm-none-eabi/lib\libsysbase.a(libsysbase_libsysbase_a-handle_manager.o)
 .ARM.attributes
                0x00000954       0x2a C:/devkitPro/devkitARM/bin/../lib/gcc/arm-none-eabi/16.1.0/../../../../arm-none-eabi/lib\libsysbase.a(libsysbase_libsysbase_a-iosupport.o)
 .ARM.attributes
                0x0000097e       0x2a C:/devkitPro/devkitARM/bin/../lib/gcc/arm-none-eabi/16.1.0/../../../../arm-none-eabi/lib\libsysbase.a(libsysbase_libsysbase_a-lseek.o)
 .ARM.attributes
                0x000009a8       0x2a C:/devkitPro/devkitARM/bin/../lib/gcc/arm-none-eabi/16.1.0/../../../../arm-none-eabi/lib\libsysbase.a(libsysbase_libsysbase_a-read.o)
 .ARM.attributes
                0x000009d2       0x2a C:/devkitPro/devkitARM/bin/../lib/gcc/arm-none-eabi/16.1.0/../../../../arm-none-eabi/lib\libsysbase.a(libsysbase_libsysbase_a-write.o)
 .ARM.attributes
                0x000009fc       0x2a C:/devkitPro/devkitARM/bin/../lib/gcc/arm-none-eabi/16.1.0/../../../../arm-none-eabi/lib\libg.a(libc_a-strlen.o)
 .ARM.attributes
                0x00000a26       0x2a C:/devkitPro/devkitARM/bin/../lib/gcc/arm-none-eabi/16.1.0/../../../../arm-none-eabi/lib\libg.a(libc_a-strchr.o)
 .ARM.attributes
                0x00000a50       0x1a C:/devkitPro/devkitARM/bin/../lib/gcc/arm-none-eabi/16.1.0/../../../../arm-none-eabi/lib\libg.a(libc_a-strcmp.o)
 .ARM.attributes
                0x00000a6a       0x2a C:/devkitPro/devkitARM/bin/../lib/gcc/arm-none-eabi/16.1.0/../../../../arm-none-eabi/lib\libg.a(libc_a-strncmp.o)
 .ARM.attributes
                0x00000a94       0x2a C:/devkitPro/devkitARM/bin/../lib/gcc/arm-none-eabi/16.1.0/crtend.o
 .ARM.attributes
                0x00000abe       0x1c C:/devkitPro/devkitARM/bin/../lib/gcc/arm-none-eabi/16.1.0/crtn.o

/DISCARD/
 *(.note.GNU-stack)
LOAD C:/devkitPro/devkitARM/bin/../lib/gcc/arm-none-eabi/16.1.0/../../../../arm-none-eabi/lib/gba_crt0.o
LOAD C:/devkitPro/devkitARM/bin/../lib/gcc/arm-none-eabi/16.1.0/crti.o
LOAD C:/devkitPro/devkitARM/bin/../lib/gcc/arm-none-eabi/16.1.0/crtbegin.o
LOAD conversation.o
LOAD main.o
LOAD platformer.o
LOAD soundPlayer.o
LOAD textBox.o
LOAD toolbox.o
LOAD AMBTown_OldCitySounds_mix_alex_jouk_freesound.o
LOAD BEEPMed_HeartMonitor_fadingembersaudio.o
LOAD CRWDApls_SmallCrowd_miraclei.o
LOAD DOORGate_CastleGate_freesound_comunity.o
LOAD ELECZap_InternalFault2_freesound_abw.o
LOAD FEETHmn_Bootstep.o
LOAD FGHTBf_Tackled_abw.o
LOAD HMNBrth_DyingGasp.o
LOAD HMNBrth_KickedGasp_abw.o
LOAD HMNBrth_LaboredBreathing_freesound_comunity.o
LOAD HMNSnor_Snoring_abw.o
LOAD METLFric_CreakingMetal.o
LOAD MUSCSong_BlueSkies_abw.o
LOAD MUSCSong_MetalDrum_abw.o
LOAD MUSCSong_StolenPiano_abw.o
LOAD OBJCoin_CoinJingle_abw.o
LOAD PLASImpt_DroppedDisc_abw.o
LOAD WEAPSwrd_SwordDrawn.o
LOAD jump.o
LOAD landing.o
LOAD typing.o
LOAD headshots.o
LOAD sadSlime.o
LOAD font.o
LOAD sand.o
LOAD sand2.o
LOAD map.o
LOAD map64x64.o
LOAD C:/devkitPro/libgba/lib\libgba.a
START GROUP
LOAD C:/devkitPro/devkitARM/bin/../lib/gcc/arm-none-eabi/16.1.0\libgcc.a
LOAD C:/devkitPro/devkitARM/bin/../lib/gcc/arm-none-eabi/16.1.0/../../../../arm-none-eabi/lib\libg.a
LOAD C:/devkitPro/devkitARM/bin/../lib/gcc/arm-none-eabi/16.1.0/../../../../arm-none-eabi/lib\libc.a
LOAD C:/devkitPro/devkitARM/bin/../lib/gcc/arm-none-eabi/16.1.0/../../../../arm-none-eabi/lib\libsysbase.a
END GROUP
LOAD C:/devkitPro/devkitARM/bin/../lib/gcc/arm-none-eabi/16.1.0/crtend.o
LOAD C:/devkitPro/devkitARM/bin/../lib/gcc/arm-none-eabi/16.1.0/crtn.o
OUTPUT(C:/Users/awith/Documents/GBA/TechnoJimGBA/TechnoJimGBA.elf elf32-littlearm)
LOAD linker stubs

.debug_loclists
                0x00000000     0x422c
 .debug_loclists
                0x00000000      0xcf8 conversation.o
 .debug_loclists
                0x00000cf8     0x1e6e main.o
 .debug_loclists
                0x00002b66      0x3a9 platformer.o
 .debug_loclists
                0x00002f0f      0x160 soundPlayer.o
 .debug_loclists
                0x0000306f      0x790 textBox.o
 .debug_loclists
                0x000037ff      0xa2d toolbox.o

.debug_rnglists
                0x00000000      0x684
 .debug_rnglists
                0x00000000      0x2ad conversation.o
 .debug_rnglists
                0x000002ad      0x102 main.o
 .debug_rnglists
                0x000003af       0x77 platformer.o
 .debug_rnglists
                0x00000426       0x45 soundPlayer.o
 .debug_rnglists
                0x0000046b      0x1f0 textBox.o
 .debug_rnglists
                0x0000065b       0x29 toolbox.o

.debug_line_str
                0x00000000       0xc7
 .debug_line_str
                0x00000000       0xc7 C:/devkitPro/devkitARM/bin/../lib/gcc/arm-none-eabi/16.1.0\libgcc.a(_divsi3.o)
 .debug_line_str
                0x000000c7        0x0 C:/devkitPro/devkitARM/bin/../lib/gcc/arm-none-eabi/16.1.0\libgcc.a(_dvmd_tls.o)
                                 0xc7 (size before relaxing)
 .debug_line_str
                0x000000c7        0x0 C:/devkitPro/devkitARM/bin/../lib/gcc/arm-none-eabi/16.1.0\libgcc.a(_udivsi3.o)
                                 0xc7 (size before relaxing)
